Archive member included to satisfy reference by file (symbol)

/home/adrian/sourcecode/toolchain/riscv64-unknown-elf-toolchain-10.2.0-2020.12.8-x86_64-linux-ubuntu14/bin/../lib/gcc/riscv64-unknown-elf/10.2.0/rv64imafdc/lp64d/libgcc.a(_clzsi2.o)
                              build//home/adrian/sourcecode/FreeRTOSv202212.01/FreeRTOS/Source/tasks.o (__clzdi2)
/home/adrian/sourcecode/toolchain/riscv64-unknown-elf-toolchain-10.2.0-2020.12.8-x86_64-linux-ubuntu14/bin/../lib/gcc/riscv64-unknown-elf/10.2.0/rv64imafdc/lp64d/libgcc.a(_clz.o)
                              /home/adrian/sourcecode/toolchain/riscv64-unknown-elf-toolchain-10.2.0-2020.12.8-x86_64-linux-ubuntu14/bin/../lib/gcc/riscv64-unknown-elf/10.2.0/rv64imafdc/lp64d/libgcc.a(_clzsi2.o) (__clz_tab)
/home/adrian/sourcecode/toolchain/riscv64-unknown-elf-toolchain-10.2.0-2020.12.8-x86_64-linux-ubuntu14/bin/../lib/gcc/riscv64-unknown-elf/10.2.0/../../../../riscv64-unknown-elf/lib/rv64imafdc/lp64d/libc.a(lib_a-memcpy.o)
                              build//home/adrian/sourcecode/FreeRTOSv202212.01/FreeRTOS/Source/queue.o (memcpy)
/home/adrian/sourcecode/toolchain/riscv64-unknown-elf-toolchain-10.2.0-2020.12.8-x86_64-linux-ubuntu14/bin/../lib/gcc/riscv64-unknown-elf/10.2.0/../../../../riscv64-unknown-elf/lib/rv64imafdc/lp64d/libc.a(lib_a-memset.o)
                              build//home/adrian/sourcecode/FreeRTOSv202212.01/FreeRTOS/Source/stream_buffer.o (memset)
/home/adrian/sourcecode/toolchain/riscv64-unknown-elf-toolchain-10.2.0-2020.12.8-x86_64-linux-ubuntu14/bin/../lib/gcc/riscv64-unknown-elf/10.2.0/../../../../riscv64-unknown-elf/lib/rv64imafdc/lp64d/libc.a(lib_a-sprintf.o)
                              build/main_blinky.o (sprintf)
/home/adrian/sourcecode/toolchain/riscv64-unknown-elf-toolchain-10.2.0-2020.12.8-x86_64-linux-ubuntu14/bin/../lib/gcc/riscv64-unknown-elf/10.2.0/../../../../riscv64-unknown-elf/lib/rv64imafdc/lp64d/libc.a(lib_a-strcmp.o)
                              build//home/adrian/sourcecode/FreeRTOSv202212.01/FreeRTOS/Demo/Common/Minimal/TimerDemo.o (strcmp)
/home/adrian/sourcecode/toolchain/riscv64-unknown-elf-toolchain-10.2.0-2020.12.8-x86_64-linux-ubuntu14/bin/../lib/gcc/riscv64-unknown-elf/10.2.0/../../../../riscv64-unknown-elf/lib/rv64imafdc/lp64d/libc.a(lib_a-strlen.o)
                              build/riscv-virt.o (strlen)
/home/adrian/sourcecode/toolchain/riscv64-unknown-elf-toolchain-10.2.0-2020.12.8-x86_64-linux-ubuntu14/bin/../lib/gcc/riscv64-unknown-elf/10.2.0/../../../../riscv64-unknown-elf/lib/rv64imafdc/lp64d/libc.a(lib_a-svfprintf.o)
                              /home/adrian/sourcecode/toolchain/riscv64-unknown-elf-toolchain-10.2.0-2020.12.8-x86_64-linux-ubuntu14/bin/../lib/gcc/riscv64-unknown-elf/10.2.0/../../../../riscv64-unknown-elf/lib/rv64imafdc/lp64d/libc.a(lib_a-sprintf.o) (_svfprintf_r)
/home/adrian/sourcecode/toolchain/riscv64-unknown-elf-toolchain-10.2.0-2020.12.8-x86_64-linux-ubuntu14/bin/../lib/gcc/riscv64-unknown-elf/10.2.0/../../../../riscv64-unknown-elf/lib/rv64imafdc/lp64d/libc.a(lib_a-freer.o)
                              /home/adrian/sourcecode/toolchain/riscv64-unknown-elf-toolchain-10.2.0-2020.12.8-x86_64-linux-ubuntu14/bin/../lib/gcc/riscv64-unknown-elf/10.2.0/../../../../riscv64-unknown-elf/lib/rv64imafdc/lp64d/libc.a(lib_a-svfprintf.o) (_free_r)
/home/adrian/sourcecode/toolchain/riscv64-unknown-elf-toolchain-10.2.0-2020.12.8-x86_64-linux-ubuntu14/bin/../lib/gcc/riscv64-unknown-elf/10.2.0/../../../../riscv64-unknown-elf/lib/rv64imafdc/lp64d/libc.a(lib_a-impure.o)
                              /home/adrian/sourcecode/toolchain/riscv64-unknown-elf-toolchain-10.2.0-2020.12.8-x86_64-linux-ubuntu14/bin/../lib/gcc/riscv64-unknown-elf/10.2.0/../../../../riscv64-unknown-elf/lib/rv64imafdc/lp64d/libc.a(lib_a-sprintf.o) (_impure_ptr)
/home/adrian/sourcecode/toolchain/riscv64-unknown-elf-toolchain-10.2.0-2020.12.8-x86_64-linux-ubuntu14/bin/../lib/gcc/riscv64-unknown-elf/10.2.0/../../../../riscv64-unknown-elf/lib/rv64imafdc/lp64d/libc.a(lib_a-ldtoa.o)
                              /home/adrian/sourcecode/toolchain/riscv64-unknown-elf-toolchain-10.2.0-2020.12.8-x86_64-linux-ubuntu14/bin/../lib/gcc/riscv64-unknown-elf/10.2.0/../../../../riscv64-unknown-elf/lib/rv64imafdc/lp64d/libc.a(lib_a-svfprintf.o) (_ldtoa_r)
/home/adrian/sourcecode/toolchain/riscv64-unknown-elf-toolchain-10.2.0-2020.12.8-x86_64-linux-ubuntu14/bin/../lib/gcc/riscv64-unknown-elf/10.2.0/../../../../riscv64-unknown-elf/lib/rv64imafdc/lp64d/libc.a(lib_a-localeconv.o)
                              /home/adrian/sourcecode/toolchain/riscv64-unknown-elf-toolchain-10.2.0-2020.12.8-x86_64-linux-ubuntu14/bin/../lib/gcc/riscv64-unknown-elf/10.2.0/../../../../riscv64-unknown-elf/lib/rv64imafdc/lp64d/libc.a(lib_a-svfprintf.o) (_localeconv_r)
[...]
Memory Configuration

Name             Origin             Length             Attributes
rom              0x0000000080000000 0x0000000000080000 axr
ram              0x0000000080080000 0x0000000000080000 axw
*default*        0x0000000000000000 0xffffffffffffffff

Linker script and memory map

                0x000000000000012c                __stack_size = 0x12c
LOAD build/main.o
LOAD build/main_blinky.o
LOAD build/riscv-virt.o
LOAD build/ns16550.o
LOAD build//home/adrian/sourcecode/FreeRTOSv202212.01/FreeRTOS/Demo/Common/Minimal/EventGroupsDemo.o
LOAD build//home/adrian/sourcecode/FreeRTOSv202212.01/FreeRTOS/Demo/Common/Minimal/TaskNotify.o
LOAD build//home/adrian/sourcecode/FreeRTOSv202212.01/FreeRTOS/Demo/Common/Minimal/TimerDemo.o
LOAD build//home/adrian/sourcecode/FreeRTOSv202212.01/FreeRTOS/Demo/Common/Minimal/blocktim.o
LOAD build//home/adrian/sourcecode/FreeRTOSv202212.01/FreeRTOS/Demo/Common/Minimal/dynamic.o
LOAD build//home/adrian/sourcecode/FreeRTOSv202212.01/FreeRTOS/Demo/Common/Minimal/recmutex.o
LOAD build//home/adrian/sourcecode/FreeRTOSv202212.01/FreeRTOS/Source/event_groups.o
LOAD build//home/adrian/sourcecode/FreeRTOSv202212.01/FreeRTOS/Source/list.o
LOAD build//home/adrian/sourcecode/FreeRTOSv202212.01/FreeRTOS/Source/queue.o
LOAD build//home/adrian/sourcecode/FreeRTOSv202212.01/FreeRTOS/Source/stream_buffer.o
LOAD build//home/adrian/sourcecode/FreeRTOSv202212.01/FreeRTOS/Source/tasks.o
LOAD build//home/adrian/sourcecode/FreeRTOSv202212.01/FreeRTOS/Source/timers.o
LOAD build//home/adrian/sourcecode/FreeRTOSv202212.01/FreeRTOS/Source/portable/MemMang/heap_4.o
LOAD build//home/adrian/sourcecode/FreeRTOSv202212.01/FreeRTOS/Source/portable/GCC/RISC-V/port.o
LOAD build/start.o
LOAD build/vector.o
LOAD build//home/adrian/sourcecode/FreeRTOSv202212.01/FreeRTOS/Source/portable/GCC/RISC-V/portASM.o
LOAD /home/adrian/sourcecode/toolchain/riscv64-unknown-elf-toolchain-10.2.0-2020.12.8-x86_64-linux-ubuntu14/bin/../lib/gcc/riscv64-unknown-elf/10.2.0/rv64imafdc/lp64d/libgcc.a
START GROUP
LOAD /home/adrian/sourcecode/toolchain/riscv64-unknown-elf-toolchain-10.2.0-2020.12.8-x86_64-linux-ubuntu14/bin/../lib/gcc/riscv64-unknown-elf/10.2.0/../../../../riscv64-unknown-elf/lib/rv64imafdc/lp64d/libc.a
LOAD /home/adrian/sourcecode/toolchain/riscv64-unknown-elf-toolchain-10.2.0-2020.12.8-x86_64-linux-ubuntu14/bin/../lib/gcc/riscv64-unknown-elf/10.2.0/../../../../riscv64-unknown-elf/lib/rv64imafdc/lp64d/libgloss.a
END GROUP
LOAD /home/adrian/sourcecode/toolchain/riscv64-unknown-elf-toolchain-10.2.0-2020.12.8-x86_64-linux-ubuntu14/bin/../lib/gcc/riscv64-unknown-elf/10.2.0/rv64imafdc/lp64d/libgcc.a

.init           0x0000000080000000       0x76
                0x0000000080000000                _text = .
 *(SORT_NONE(.init))
 .init          0x0000000080000000       0x76 build/start.o
                0x0000000080000000                _start

.text           0x0000000080000100     0xc5b4
 *(.text.unlikely .text.unlikely.*)
 *(.text.startup .text.startup.*)
 *(.text .text.*)
 .text.main     0x0000000080000100       0x1a build/main.o
                0x0000000080000100                main
 .text.vApplicationMallocFailedHook
                0x000000008000011a        0x6 build/main.o
                0x000000008000011a                vApplicationMallocFailedHook
 .text.vApplicationStackOverflowHook
                0x0000000080000120        0x6 build/main.o
                0x0000000080000120                vApplicationStackOverflowHook
 .text.vApplicationTickHook
                0x0000000080000126        0x2 build/main.o
                0x0000000080000126                vApplicationTickHook
 .text.vAssertCalled
                0x0000000080000128       0x1a build/main.o
                0x0000000080000128                vAssertCalled
 .text.prvQueueSendTask
                0x0000000080000142       0x72 build/main_blinky.o
 .text.prvQueueReceiveTask
                0x00000000800001b4       0x74 build/main_blinky.o
 .text.main_blinky
                0x0000000080000228       0x6c build/main_blinky.o
                0x0000000080000228                main_blinky
 .text.xGetCoreID
                0x0000000080000294        0x8 build/riscv-virt.o
                0x0000000080000294                xGetCoreID
 .text.vSendString
                0x000000008000029c       0x5e build/riscv-virt.o
                0x000000008000029c                vSendString
 .text.readb    0x00000000800002fa        0x6 build/ns16550.o
 .text.writeb   0x0000000080000300        0x6 build/ns16550.o
 .text.vOutNS16550
                0x0000000080000306       0x2c build/ns16550.o
                0x0000000080000306                vOutNS16550
 .text.vListInitialise
                0x0000000080000332       0x14 build//home/adrian/sourcecode/FreeRTOSv202212.01/FreeRTOS/Source/list.o
                0x0000000080000332                vListInitialise
 .text.vListInitialiseItem
                0x0000000080000346        0x6 build//home/adrian/sourcecode/FreeRTOSv202212.01/FreeRTOS/Source/list.o
                0x0000000080000346                vListInitialiseItem
 .text.vListInsert
                0x000000008000034c       0x2e build//home/adrian/sourcecode/FreeRTOSv202212.01/FreeRTOS/Source/list.o
                0x000000008000034c                vListInsert
 .text.uxListRemove
                0x000000008000037a       0x26 build//home/adrian/sourcecode/FreeRTOSv202212.01/FreeRTOS/Source/list.o
                0x000000008000037a                uxListRemove
 .text.prvIsQueueEmpty
                0x00000000800003a0       0x26 build//home/adrian/sourcecode/FreeRTOSv202212.01/FreeRTOS/Source/queue.o
 .text.prvIsQueueFull
                0x00000000800003c6       0x2a build//home/adrian/sourcecode/FreeRTOSv202212.01/FreeRTOS/Source/queue.o
 .text.prvCopyDataToQueue
                0x00000000800003f0       0x92 build//home/adrian/sourcecode/FreeRTOSv202212.01/FreeRTOS/Source/queue.o
 .text.prvCopyDataFromQueue
                0x0000000080000482       0x2a build//home/adrian/sourcecode/FreeRTOSv202212.01/FreeRTOS/Source/queue.o
 .text.prvUnlockQueue
                0x00000000800004ac       0xbc build//home/adrian/sourcecode/FreeRTOSv202212.01/FreeRTOS/Source/queue.o
 .text.xQueueGenericReset
                0x0000000080000568       0xb0 build//home/adrian/sourcecode/FreeRTOSv202212.01/FreeRTOS/Source/queue.o
                0x0000000080000568                xQueueGenericReset
 .text.prvInitialiseNewQueue
                0x0000000080000618       0x20 build//home/adrian/sourcecode/FreeRTOSv202212.01/FreeRTOS/Source/queue.o
 .text.xQueueGenericCreate
                0x0000000080000638       0x62 build//home/adrian/sourcecode/FreeRTOSv202212.01/FreeRTOS/Source/queue.o
                0x0000000080000638                xQueueGenericCreate
 .text.xQueueGenericSend
                0x000000008000069a      0x178 build//home/adrian/sourcecode/FreeRTOSv202212.01/FreeRTOS/Source/queue.o
                0x000000008000069a                xQueueGenericSend
 .text.xQueueReceive
                0x0000000080000812      0x162 build//home/adrian/sourcecode/FreeRTOSv202212.01/FreeRTOS/Source/queue.o
                0x0000000080000812                xQueueReceive
 .text.vQueueAddToRegistry
                0x0000000080000974       0x62 build//home/adrian/sourcecode/FreeRTOSv202212.01/FreeRTOS/Source/queue.o
                0x0000000080000974                vQueueAddToRegistry
 .text.vQueueWaitForMessageRestricted
                0x00000000800009d6       0x6e build//home/adrian/sourcecode/FreeRTOSv202212.01/FreeRTOS/Source/queue.o
                0x00000000800009d6                vQueueWaitForMessageRestricted
 .text.prvResetNextTaskUnblockTime
                0x0000000080000a44       0x2e build//home/adrian/sourcecode/FreeRTOSv202212.01/FreeRTOS/Source/tasks.o
 .text.prvDeleteTCB
                0x0000000080000a72       0x1c build//home/adrian/sourcecode/FreeRTOSv202212.01/FreeRTOS/Source/tasks.o
 .text.prvInitialiseNewTask
                0x0000000080000a8e       0xd2 build//home/adrian/sourcecode/FreeRTOSv202212.01/FreeRTOS/Source/tasks.o
 .text.prvInitialiseTaskLists
                0x0000000080000b60       0x6e build//home/adrian/sourcecode/FreeRTOSv202212.01/FreeRTOS/Source/tasks.o
 .text.prvAddNewTaskToReadyList
                0x0000000080000bce      0x102 build//home/adrian/sourcecode/FreeRTOSv202212.01/FreeRTOS/Source/tasks.o
 .text.prvCheckTasksWaitingTermination
                0x0000000080000cd0       0x76 build//home/adrian/sourcecode/FreeRTOSv202212.01/FreeRTOS/Source/tasks.o
 .text.prvIdleTask
                0x0000000080000d46        0xa build//home/adrian/sourcecode/FreeRTOSv202212.01/FreeRTOS/Source/tasks.o
 .text.prvAddCurrentTaskToDelayedList
                0x0000000080000d50       0xe6 build//home/adrian/sourcecode/FreeRTOSv202212.01/FreeRTOS/Source/tasks.o
 .text.xTaskCreate
                0x0000000080000e36       0x8c build//home/adrian/sourcecode/FreeRTOSv202212.01/FreeRTOS/Source/tasks.o
                0x0000000080000e36                xTaskCreate
 .text.vTaskStartScheduler
                0x0000000080000ec2       0x7a build//home/adrian/sourcecode/FreeRTOSv202212.01/FreeRTOS/Source/tasks.o
                0x0000000080000ec2                vTaskStartScheduler
 .text.vTaskSuspendAll
                0x0000000080000f3c       0x10 build//home/adrian/sourcecode/FreeRTOSv202212.01/FreeRTOS/Source/tasks.o
                0x0000000080000f3c                vTaskSuspendAll
 .text.xTaskGetTickCount
                0x0000000080000f4c        0xa build//home/adrian/sourcecode/FreeRTOSv202212.01/FreeRTOS/Source/tasks.o
                0x0000000080000f4c                xTaskGetTickCount
 .text.pcTaskGetName
                0x0000000080000f56       0x28 build//home/adrian/sourcecode/FreeRTOSv202212.01/FreeRTOS/Source/tasks.o
                0x0000000080000f56                pcTaskGetName
 .text.xTaskIncrementTick
                0x0000000080000f7e      0x1be build//home/adrian/sourcecode/FreeRTOSv202212.01/FreeRTOS/Source/tasks.o
                0x0000000080000f7e                xTaskIncrementTick
 .text.xTaskResumeAll
                0x000000008000113c      0x164 build//home/adrian/sourcecode/FreeRTOSv202212.01/FreeRTOS/Source/tasks.o
                0x000000008000113c                xTaskResumeAll
 .text.xTaskDelayUntil
                0x00000000800012a0       0x8a build//home/adrian/sourcecode/FreeRTOSv202212.01/FreeRTOS/Source/tasks.o
                0x00000000800012a0                xTaskDelayUntil
 .text.vTaskSwitchContext
                0x000000008000132a      0x102 build//home/adrian/sourcecode/FreeRTOSv202212.01/FreeRTOS/Source/tasks.o
                0x000000008000132a                vTaskSwitchContext
 .text.vTaskPlaceOnEventList
                0x000000008000142c       0x38 build//home/adrian/sourcecode/FreeRTOSv202212.01/FreeRTOS/Source/tasks.o
                0x000000008000142c                vTaskPlaceOnEventList
 .text.vTaskPlaceOnEventListRestricted
                0x0000000080001464       0x5e build//home/adrian/sourcecode/FreeRTOSv202212.01/FreeRTOS/Source/tasks.o
                0x0000000080001464                vTaskPlaceOnEventListRestricted
 .text.xTaskRemoveFromEventList
                0x00000000800014c2       0xf6 build//home/adrian/sourcecode/FreeRTOSv202212.01/FreeRTOS/Source/tasks.o
                0x00000000800014c2                xTaskRemoveFromEventList
 .text.vTaskInternalSetTimeOutState
                0x00000000800015b8       0x16 build//home/adrian/sourcecode/FreeRTOSv202212.01/FreeRTOS/Source/tasks.o
                0x00000000800015b8                vTaskInternalSetTimeOutState
 .text.xTaskCheckForTimeOut
                0x00000000800015ce       0xb0 build//home/adrian/sourcecode/FreeRTOSv202212.01/FreeRTOS/Source/tasks.o
                0x00000000800015ce                xTaskCheckForTimeOut
 .text.vTaskMissedYield
                0x000000008000167e        0xc build//home/adrian/sourcecode/FreeRTOSv202212.01/FreeRTOS/Source/tasks.o
                0x000000008000167e                vTaskMissedYield
 .text.xTaskGetCurrentTaskHandle
                0x000000008000168a        0xa build//home/adrian/sourcecode/FreeRTOSv202212.01/FreeRTOS/Source/tasks.o
                0x000000008000168a                xTaskGetCurrentTaskHandle
 .text.xTaskGetSchedulerState
                0x0000000080001694       0x20 build//home/adrian/sourcecode/FreeRTOSv202212.01/FreeRTOS/Source/tasks.o
                0x0000000080001694                xTaskGetSchedulerState
 .text.xTaskPriorityDisinherit
                0x00000000800016b4       0xc8 build//home/adrian/sourcecode/FreeRTOSv202212.01/FreeRTOS/Source/tasks.o
                0x00000000800016b4                xTaskPriorityDisinherit
 .text.prvGetNextExpireTime
                0x000000008000177c       0x1c build//home/adrian/sourcecode/FreeRTOSv202212.01/FreeRTOS/Source/timers.o
 .text.prvInsertTimerInActiveList
                0x0000000080001798       0x48 build//home/adrian/sourcecode/FreeRTOSv202212.01/FreeRTOS/Source/timers.o
 .text.prvReloadTimer
                0x00000000800017e0       0x38 build//home/adrian/sourcecode/FreeRTOSv202212.01/FreeRTOS/Source/timers.o
 .text.prvProcessExpiredTimer
                0x0000000080001818       0x4c build//home/adrian/sourcecode/FreeRTOSv202212.01/FreeRTOS/Source/timers.o
 .text.prvSwitchTimerLists
                0x0000000080001864       0x3e build//home/adrian/sourcecode/FreeRTOSv202212.01/FreeRTOS/Source/timers.o
 .text.prvSampleTimeNow
                0x00000000800018a2       0x36 build//home/adrian/sourcecode/FreeRTOSv202212.01/FreeRTOS/Source/timers.o
 .text.prvProcessTimerOrBlockTask
                0x00000000800018d8       0x6c build//home/adrian/sourcecode/FreeRTOSv202212.01/FreeRTOS/Source/timers.o
 .text.prvProcessReceivedCommands
                0x0000000080001944       0xfa build//home/adrian/sourcecode/FreeRTOSv202212.01/FreeRTOS/Source/timers.o
 .text.prvTimerTask
                0x0000000080001a3e       0x16 build//home/adrian/sourcecode/FreeRTOSv202212.01/FreeRTOS/Source/timers.o
 .text.prvCheckForValidListAndQueue
                0x0000000080001a54       0x84 build//home/adrian/sourcecode/FreeRTOSv202212.01/FreeRTOS/Source/timers.o
 .text.xTimerCreateTimerTask
                0x0000000080001ad8       0x46 build//home/adrian/sourcecode/FreeRTOSv202212.01/FreeRTOS/Source/timers.o
                0x0000000080001ad8                xTimerCreateTimerTask
 .text.prvHeapInit
                0x0000000080001b1e       0x5e build//home/adrian/sourcecode/FreeRTOSv202212.01/FreeRTOS/Source/portable/MemMang/heap_4.o
 .text.prvInsertBlockIntoFreeList
                0x0000000080001b7c       0x52 build//home/adrian/sourcecode/FreeRTOSv202212.01/FreeRTOS/Source/portable/MemMang/heap_4.o
 .text.pvPortMalloc
                0x0000000080001bce      0x114 build//home/adrian/sourcecode/FreeRTOSv202212.01/FreeRTOS/Source/portable/MemMang/heap_4.o
                0x0000000080001bce                pvPortMalloc
 .text.vPortFree
                0x0000000080001ce2       0x74 build//home/adrian/sourcecode/FreeRTOSv202212.01/FreeRTOS/Source/portable/MemMang/heap_4.o
                0x0000000080001ce2                vPortFree
 .text.vPortSetupTimerInterrupt
                0x0000000080001d56       0x60 build//home/adrian/sourcecode/FreeRTOSv202212.01/FreeRTOS/Source/portable/GCC/RISC-V/port.o
                0x0000000080001d56                vPortSetupTimerInterrupt
 .text.xPortStartScheduler
                0x0000000080001db6       0x30 build//home/adrian/sourcecode/FreeRTOSv202212.01/FreeRTOS/Source/portable/GCC/RISC-V/port.o
                0x0000000080001db6                xPortStartScheduler
 .text          0x0000000080001de6       0xbc build//home/adrian/sourcecode/FreeRTOSv202212.01/FreeRTOS/Source/portable/GCC/RISC-V/portASM.o
                0x0000000080001de6                pxPortInitialiseStack
                0x0000000080001e2c                xPortStartFirstTask
                0x0000000080001e86                freertos_risc_v_application_exception_handler
                0x0000000080001e94                freertos_risc_v_application_interrupt_handler
 *fill*         0x0000000080001ea2       0x5e 
 .text.freertos_risc_v_trap_handler
                0x0000000080001f00      0x1d6 build//home/adrian/sourcecode/FreeRTOSv202212.01/FreeRTOS/Source/portable/GCC/RISC-V/portASM.o
                0x0000000080001f00                freertos_risc_v_trap_handler
 .text          0x00000000800020d6       0x30 /home/adrian/sourcecode/toolchain/riscv64-unknown-elf-toolchain-10.2.0-2020.12.8-x86_64-linux-ubuntu14/bin/../lib/gcc/riscv64-unknown-elf/10.2.0/rv64imafdc/lp64d/libgcc.a(_clzsi2.o)
                0x00000000800020d6                __clzdi2
 .text          0x0000000080002106       0xe8 /home/adrian/sourcecode/toolchain/riscv64-unknown-elf-toolchain-10.2.0-2020.12.8-x86_64-linux-ubuntu14/bin/../lib/gcc/riscv64-unknown-elf/10.2.0/../../../../riscv64-unknown-elf/lib/rv64imafdc/lp64d/libc.a(lib_a-memcpy.o)
                0x0000000080002106                memcpy
 .text          0x00000000800021ee       0xaa /home/adrian/sourcecode/toolchain/riscv64-unknown-elf-toolchain-10.2.0-2020.12.8-x86_64-linux-ubuntu14/bin/../lib/gcc/riscv64-unknown-elf/10.2.0/../../../../riscv64-unknown-elf/lib/rv64imafdc/lp64d/libc.a(lib_a-memset.o)
                0x00000000800021ee                memset
 .text          0x0000000080002298       0x8c /home/adrian/sourcecode/toolchain/riscv64-unknown-elf-toolchain-10.2.0-2020.12.8-x86_64-linux-ubuntu14/bin/../lib/gcc/riscv64-unknown-elf/10.2.0/../../../../riscv64-unknown-elf/lib/rv64imafdc/lp64d/libc.a(lib_a-sprintf.o)
                0x0000000080002298                _sprintf_r
                0x00000000800022da                sprintf
 .text          0x0000000080002324       0xea /home/adrian/sourcecode/toolchain/riscv64-unknown-elf-toolchain-10.2.0-2020.12.8-x86_64-linux-ubuntu14/bin/../lib/gcc/riscv64-unknown-elf/10.2.0/../../../../riscv64-unknown-elf/lib/rv64imafdc/lp64d/libc.a(lib_a-strcmp.o)
                0x0000000080002324                strcmp
 .text          0x000000008000240e       0x94 /home/adrian/sourcecode/toolchain/riscv64-unknown-elf-toolchain-10.2.0-2020.12.8-x86_64-linux-ubuntu14/bin/../lib/gcc/riscv64-unknown-elf/10.2.0/../../../../riscv64-unknown-elf/lib/rv64imafdc/lp64d/libc.a(lib_a-strlen.o)
                0x000000008000240e                strlen
 .text          0x00000000800024a2     0x1c60 /home/adrian/sourcecode/toolchain/riscv64-unknown-elf-toolchain-10.2.0-2020.12.8-x86_64-linux-ubuntu14/bin/../lib/gcc/riscv64-unknown-elf/10.2.0/../../../../riscv64-unknown-elf/lib/rv64imafdc/lp64d/libc.a(lib_a-svfprintf.o)
                0x00000000800024a2                _svfprintf_r
 .text          0x0000000080004102      0x326 /home/adrian/sourcecode/toolchain/riscv64-unknown-elf-toolchain-10.2.0-2020.12.8-x86_64-linux-ubuntu14/bin/../lib/gcc/riscv64-unknown-elf/10.2.0/../../../../riscv64-unknown-elf/lib/rv64imafdc/lp64d/libc.a(lib_a-freer.o)
                0x0000000080004102                _malloc_trim_r
                0x00000000800041d8                _free_r
 .text          0x0000000080004428     0x20c0 /home/adrian/sourcecode/toolchain/riscv64-unknown-elf-toolchain-10.2.0-2020.12.8-x86_64-linux-ubuntu14/bin/../lib/gcc/riscv64-unknown-elf/10.2.0/../../../../riscv64-unknown-elf/lib/rv64imafdc/lp64d/libc.a(lib_a-ldtoa.o)
                0x0000000080005696                _ldtoa_r
                0x00000000800064a6                _ldcheck
 .text          0x00000000800064e8       0x1a /home/adrian/sourcecode/toolchain/riscv64-unknown-elf-toolchain-10.2.0-2020.12.8-x86_64-linux-ubuntu14/bin/../lib/gcc/riscv64-unknown-elf/10.2.0/../../../../riscv64-unknown-elf/lib/rv64imafdc/lp64d/libc.a(lib_a-localeconv.o)
                0x00000000800064e8                __localeconv_l
                0x00000000800064ee                _localeconv_r
                0x00000000800064f8                localeconv
 .text          0x0000000080006502       0xba /home/adrian/sourcecode/toolchain/riscv64-unknown-elf-toolchain-10.2.0-2020.12.8-x86_64-linux-ubuntu14/bin/../lib/gcc/riscv64-unknown-elf/10.2.0/../../../../riscv64-unknown-elf/lib/rv64imafdc/lp64d/libc.a(lib_a-locale.o)
                0x0000000080006502                _setlocale_r
                0x000000008000655a                __locale_mb_cur_max
                0x0000000080006564                setlocale
 .text          0x00000000800065bc      0x62e /home/adrian/sourcecode/toolchain/riscv64-unknown-elf-toolchain-10.2.0-2020.12.8-x86_64-linux-ubuntu14/bin/../lib/gcc/riscv64-unknown-elf/10.2.0/../../../../riscv64-unknown-elf/lib/rv64imafdc/lp64d/libc.a(lib_a-mallocr.o)
                0x00000000800065bc                _malloc_r
 .text          0x0000000080006bea       0x4a /home/adrian/sourcecode/toolchain/riscv64-unknown-elf-toolchain-10.2.0-2020.12.8-x86_64-linux-ubuntu14/bin/../lib/gcc/riscv64-unknown-elf/10.2.0/../../../../riscv64-unknown-elf/lib/rv64imafdc/lp64d/libc.a(lib_a-mbtowc_r.o)
                0x0000000080006bea                _mbtowc_r
                0x0000000080006bf4                __ascii_mbtowc
 .text          0x0000000080006c34       0x96 /home/adrian/sourcecode/toolchain/riscv64-unknown-elf-toolchain-10.2.0-2020.12.8-x86_64-linux-ubuntu14/bin/../lib/gcc/riscv64-unknown-elf/10.2.0/../../../../riscv64-unknown-elf/lib/rv64imafdc/lp64d/libc.a(lib_a-memchr.o)
                0x0000000080006c34                memchr
 .text          0x0000000080006cca        0x4 /home/adrian/sourcecode/toolchain/riscv64-unknown-elf-toolchain-10.2.0-2020.12.8-x86_64-linux-ubuntu14/bin/../lib/gcc/riscv64-unknown-elf/10.2.0/../../../../riscv64-unknown-elf/lib/rv64imafdc/lp64d/libc.a(lib_a-mlock.o)
                0x0000000080006cca                __malloc_lock
                0x0000000080006ccc                __malloc_unlock
 .text          0x0000000080006cce      0xcc0 /home/adrian/sourcecode/toolchain/riscv64-unknown-elf-toolchain-10.2.0-2020.12.8-x86_64-linux-ubuntu14/bin/../lib/gcc/riscv64-unknown-elf/10.2.0/../../../../riscv64-unknown-elf/lib/rv64imafdc/lp64d/libc.a(lib_a-mprec.o)
                0x0000000080006cce                _Balloc
                0x0000000080006d30                _Bfree
                0x0000000080006d42                __multadd
                0x0000000080006e2c                __s2b
                0x0000000080006f14                __hi0bits
                0x0000000080006f62                __lo0bits
                0x0000000080006ffa                __i2b
                0x0000000080007066                __multiply
                0x0000000080007212                __pow5mult
                0x00000000800072f0                __lshift
                0x000000008000741a                __mcmp
                0x0000000080007452                __mdiff
                0x00000000800075fa                __ulp
                0x000000008000765a                __b2d
                0x0000000080007752                __d2b
                0x000000008000784a                __ratio
                0x00000000800078ce                _mprec_log10
                0x00000000800078fe                __copybits
                0x0000000080007946                __any_on
 .text          0x000000008000798e       0x30 /home/adrian/sourcecode/toolchain/riscv64-unknown-elf-toolchain-10.2.0-2020.12.8-x86_64-linux-ubuntu14/bin/../lib/gcc/riscv64-unknown-elf/10.2.0/../../../../riscv64-unknown-elf/lib/rv64imafdc/lp64d/libc.a(lib_a-sbrkr.o)
                0x000000008000798e                _sbrk_r
 .text          0x00000000800079be       0x80 /home/adrian/sourcecode/toolchain/riscv64-unknown-elf-toolchain-10.2.0-2020.12.8-x86_64-linux-ubuntu14/bin/../lib/gcc/riscv64-unknown-elf/10.2.0/../../../../riscv64-unknown-elf/lib/rv64imafdc/lp64d/libc.a(lib_a-s_frexp.o)
                0x00000000800079be                frexp
 .text          0x0000000080007a3e       0xa0 /home/adrian/sourcecode/toolchain/riscv64-unknown-elf-toolchain-10.2.0-2020.12.8-x86_64-linux-ubuntu14/bin/../lib/gcc/riscv64-unknown-elf/10.2.0/../../../../riscv64-unknown-elf/lib/rv64imafdc/lp64d/libc.a(lib_a-strcpy.o)
                0x0000000080007a3e                strcpy
 .text          0x0000000080007ade       0x7a /home/adrian/sourcecode/toolchain/riscv64-unknown-elf-toolchain-10.2.0-2020.12.8-x86_64-linux-ubuntu14/bin/../lib/gcc/riscv64-unknown-elf/10.2.0/../../../../riscv64-unknown-elf/lib/rv64imafdc/lp64d/libc.a(lib_a-strncpy.o)
                0x0000000080007ade                strncpy
 .text          0x0000000080007b58      0xc86 /home/adrian/sourcecode/toolchain/riscv64-unknown-elf-toolchain-10.2.0-2020.12.8-x86_64-linux-ubuntu14/bin/../lib/gcc/riscv64-unknown-elf/10.2.0/../../../../riscv64-unknown-elf/lib/rv64imafdc/lp64d/libc.a(lib_a-svfiprintf.o)
                0x0000000080007b58                __ssprint_r
                0x0000000080007cb6                _svfiprintf_r
 .text          0x00000000800087de       0x2e /home/adrian/sourcecode/toolchain/riscv64-unknown-elf-toolchain-10.2.0-2020.12.8-x86_64-linux-ubuntu14/bin/../lib/gcc/riscv64-unknown-elf/10.2.0/../../../../riscv64-unknown-elf/lib/rv64imafdc/lp64d/libc.a(lib_a-wctomb_r.o)
                0x00000000800087de                _wctomb_r
                0x00000000800087e8                __ascii_wctomb
 .text          0x000000008000880c       0x4c /home/adrian/sourcecode/toolchain/riscv64-unknown-elf-toolchain-10.2.0-2020.12.8-x86_64-linux-ubuntu14/bin/../lib/gcc/riscv64-unknown-elf/10.2.0/../../../../riscv64-unknown-elf/lib/rv64imafdc/lp64d/libc.a(lib_a-assert.o)
                0x000000008000880c                __assert_func
                0x000000008000884c                __assert
 .text          0x0000000080008858       0xac /home/adrian/sourcecode/toolchain/riscv64-unknown-elf-toolchain-10.2.0-2020.12.8-x86_64-linux-ubuntu14/bin/../lib/gcc/riscv64-unknown-elf/10.2.0/../../../../riscv64-unknown-elf/lib/rv64imafdc/lp64d/libc.a(lib_a-callocr.o)
                0x0000000080008858                _calloc_r
 .text          0x0000000080008904        0x6 /home/adrian/sourcecode/toolchain/riscv64-unknown-elf-toolchain-10.2.0-2020.12.8-x86_64-linux-ubuntu14/bin/../lib/gcc/riscv64-unknown-elf/10.2.0/../../../../riscv64-unknown-elf/lib/rv64imafdc/lp64d/libc.a(lib_a-errno.o)
                0x0000000080008904                __errno
 .text          0x000000008000890a       0x4a /home/adrian/sourcecode/toolchain/riscv64-unknown-elf-toolchain-10.2.0-2020.12.8-x86_64-linux-ubuntu14/bin/../lib/gcc/riscv64-unknown-elf/10.2.0/../../../../riscv64-unknown-elf/lib/rv64imafdc/lp64d/libc.a(lib_a-fiprintf.o)
                0x000000008000890a                _fiprintf_r
                0x000000008000892a                fiprintf
 .text          0x0000000080008954       0xd6 /home/adrian/sourcecode/toolchain/riscv64-unknown-elf-toolchain-10.2.0-2020.12.8-x86_64-linux-ubuntu14/bin/../lib/gcc/riscv64-unknown-elf/10.2.0/../../../../riscv64-unknown-elf/lib/rv64imafdc/lp64d/libc.a(lib_a-memmove-stub.o)
                0x0000000080008954                memmove
 .text          0x0000000080008a2a      0x40a /home/adrian/sourcecode/toolchain/riscv64-unknown-elf-toolchain-10.2.0-2020.12.8-x86_64-linux-ubuntu14/bin/../lib/gcc/riscv64-unknown-elf/10.2.0/../../../../riscv64-unknown-elf/lib/rv64imafdc/lp64d/libc.a(lib_a-reallocr.o)
                0x0000000080008a2a                _realloc_r
 .text          0x0000000080008e34      0xdb0 /home/adrian/sourcecode/toolchain/riscv64-unknown-elf-toolchain-10.2.0-2020.12.8-x86_64-linux-ubuntu14/bin/../lib/gcc/riscv64-unknown-elf/10.2.0/../../../../riscv64-unknown-elf/lib/rv64imafdc/lp64d/libc.a(lib_a-vfiprintf.o)
                0x0000000080008ed8                __sprint_r
                0x0000000080008ee6                _vfiprintf_r
                0x0000000080009b42                vfiprintf
 .text          0x0000000080009be4       0xf8 /home/adrian/sourcecode/toolchain/riscv64-unknown-elf-toolchain-10.2.0-2020.12.8-x86_64-linux-ubuntu14/bin/../lib/gcc/riscv64-unknown-elf/10.2.0/../../../../riscv64-unknown-elf/lib/rv64imafdc/lp64d/libc.a(lib_a-wsetup.o)
                0x0000000080009be4                __swsetup_r
 .text          0x0000000080009cdc       0x10 /home/adrian/sourcecode/toolchain/riscv64-unknown-elf-toolchain-10.2.0-2020.12.8-x86_64-linux-ubuntu14/bin/../lib/gcc/riscv64-unknown-elf/10.2.0/../../../../riscv64-unknown-elf/lib/rv64imafdc/lp64d/libc.a(lib_a-abort.o)
                0x0000000080009cdc                abort
 .text          0x0000000080009cec      0x216 /home/adrian/sourcecode/toolchain/riscv64-unknown-elf-toolchain-10.2.0-2020.12.8-x86_64-linux-ubuntu14/bin/../lib/gcc/riscv64-unknown-elf/10.2.0/../../../../riscv64-unknown-elf/lib/rv64imafdc/lp64d/libc.a(lib_a-fflush.o)
                0x0000000080009cec                __sflush_r
                0x0000000080009e7e                _fflush_r
                0x0000000080009eb4                fflush
 .text          0x0000000080009f02      0x298 /home/adrian/sourcecode/toolchain/riscv64-unknown-elf-toolchain-10.2.0-2020.12.8-x86_64-linux-ubuntu14/bin/../lib/gcc/riscv64-unknown-elf/10.2.0/../../../../riscv64-unknown-elf/lib/rv64imafdc/lp64d/libc.a(lib_a-findfp.o)
                0x0000000080009f06                _cleanup_r
                0x000000008000a03e                __sfmoreglue
                0x000000008000a086                __sfp
                0x000000008000a160                _cleanup
                0x000000008000a16e                __sinit
                0x000000008000a176                __sfp_lock_acquire
                0x000000008000a178                __sfp_lock_release
                0x000000008000a17a                __sinit_lock_acquire
                0x000000008000a17c                __sinit_lock_release
                0x000000008000a17e                __fp_lock_all
                0x000000008000a18c                __fp_unlock_all
 .text          0x000000008000a19a      0x136 /home/adrian/sourcecode/toolchain/riscv64-unknown-elf-toolchain-10.2.0-2020.12.8-x86_64-linux-ubuntu14/bin/../lib/gcc/riscv64-unknown-elf/10.2.0/../../../../riscv64-unknown-elf/lib/rv64imafdc/lp64d/libc.a(lib_a-fputwc.o)
                0x000000008000a19a                __fputwc
                0x000000008000a260                _fputwc_r
                0x000000008000a282                fputwc
 .text          0x000000008000a2d0      0x32a /home/adrian/sourcecode/toolchain/riscv64-unknown-elf-toolchain-10.2.0-2020.12.8-x86_64-linux-ubuntu14/bin/../lib/gcc/riscv64-unknown-elf/10.2.0/../../../../riscv64-unknown-elf/lib/rv64imafdc/lp64d/libc.a(lib_a-fvwrite.o)
                0x000000008000a2d0                __sfvwrite_r
 .text          0x000000008000a5fa      0x10c /home/adrian/sourcecode/toolchain/riscv64-unknown-elf-toolchain-10.2.0-2020.12.8-x86_64-linux-ubuntu14/bin/../lib/gcc/riscv64-unknown-elf/10.2.0/../../../../riscv64-unknown-elf/lib/rv64imafdc/lp64d/libc.a(lib_a-fwalk.o)
                0x000000008000a5fa                _fwalk
                0x000000008000a67c                _fwalk_reent
 .text          0x000000008000a706      0x198 /home/adrian/sourcecode/toolchain/riscv64-unknown-elf-toolchain-10.2.0-2020.12.8-x86_64-linux-ubuntu14/bin/../lib/gcc/riscv64-unknown-elf/10.2.0/../../../../riscv64-unknown-elf/lib/rv64imafdc/lp64d/libc.a(lib_a-makebuf.o)
                0x000000008000a706                __smakebuf_r
                0x000000008000a81c                __swhatbuf_r
 .text          0x000000008000a89e      0x352 /home/adrian/sourcecode/toolchain/riscv64-unknown-elf-toolchain-10.2.0-2020.12.8-x86_64-linux-ubuntu14/bin/../lib/gcc/riscv64-unknown-elf/10.2.0/../../../../riscv64-unknown-elf/lib/rv64imafdc/lp64d/libc.a(lib_a-signal.o)
                0x000000008000a89e                _init_signal_r
                0x000000008000a8da                _signal_r
                0x000000008000a93e                _raise_r
                0x000000008000a9ba                __sigtramp_r
                0x000000008000aa42                raise
                0x000000008000aabe                signal
                0x000000008000ab2a                _init_signal
                0x000000008000ab68                __sigtramp
 .text          0x000000008000abf0       0x36 /home/adrian/sourcecode/toolchain/riscv64-unknown-elf-toolchain-10.2.0-2020.12.8-x86_64-linux-ubuntu14/bin/../lib/gcc/riscv64-unknown-elf/10.2.0/../../../../riscv64-unknown-elf/lib/rv64imafdc/lp64d/libc.a(lib_a-signalr.o)
                0x000000008000abf0                _kill_r
                0x000000008000ac24                _getpid_r
 .text          0x000000008000ac26       0xd6 /home/adrian/sourcecode/toolchain/riscv64-unknown-elf-toolchain-10.2.0-2020.12.8-x86_64-linux-ubuntu14/bin/../lib/gcc/riscv64-unknown-elf/10.2.0/../../../../riscv64-unknown-elf/lib/rv64imafdc/lp64d/libc.a(lib_a-stdio.o)
                0x000000008000ac26                __sread
                0x000000008000ac5e                __seofread
                0x000000008000ac62                __swrite
                0x000000008000acb4                __sseek
                0x000000008000acf6                __sclose
 .text          0x000000008000acfc      0x102 /home/adrian/sourcecode/toolchain/riscv64-unknown-elf-toolchain-10.2.0-2020.12.8-x86_64-linux-ubuntu14/bin/../lib/gcc/riscv64-unknown-elf/10.2.0/../../../../riscv64-unknown-elf/lib/rv64imafdc/lp64d/libc.a(lib_a-wbuf.o)
                0x000000008000acfc                __swbuf_r
                0x000000008000adf4                __swbuf
 .text          0x000000008000adfe       0x9e /home/adrian/sourcecode/toolchain/riscv64-unknown-elf-toolchain-10.2.0-2020.12.8-x86_64-linux-ubuntu14/bin/../lib/gcc/riscv64-unknown-elf/10.2.0/../../../../riscv64-unknown-elf/lib/rv64imafdc/lp64d/libc.a(lib_a-wcrtomb.o)
                0x000000008000adfe                _wcrtomb_r
                0x000000008000ae46                wcrtomb
 .text          0x000000008000ae9c       0x36 /home/adrian/sourcecode/toolchain/riscv64-unknown-elf-toolchain-10.2.0-2020.12.8-x86_64-linux-ubuntu14/bin/../lib/gcc/riscv64-unknown-elf/10.2.0/../../../../riscv64-unknown-elf/lib/rv64imafdc/lp64d/libc.a(lib_a-writer.o)
                0x000000008000ae9c                _write_r
 .text          0x000000008000aed2       0x30 /home/adrian/sourcecode/toolchain/riscv64-unknown-elf-toolchain-10.2.0-2020.12.8-x86_64-linux-ubuntu14/bin/../lib/gcc/riscv64-unknown-elf/10.2.0/../../../../riscv64-unknown-elf/lib/rv64imafdc/lp64d/libc.a(lib_a-closer.o)
                0x000000008000aed2                _close_r
 .text          0x000000008000af02      0x100 /home/adrian/sourcecode/toolchain/riscv64-unknown-elf-toolchain-10.2.0-2020.12.8-x86_64-linux-ubuntu14/bin/../lib/gcc/riscv64-unknown-elf/10.2.0/../../../../riscv64-unknown-elf/lib/rv64imafdc/lp64d/libc.a(lib_a-fclose.o)
                0x000000008000af82                _fclose_r
                0x000000008000afc0                fclose
 .text          0x000000008000b002       0x34 /home/adrian/sourcecode/toolchain/riscv64-unknown-elf-toolchain-10.2.0-2020.12.8-x86_64-linux-ubuntu14/bin/../lib/gcc/riscv64-unknown-elf/10.2.0/../../../../riscv64-unknown-elf/lib/rv64imafdc/lp64d/libc.a(lib_a-fstatr.o)
                0x000000008000b002                _fstat_r
 .text          0x000000008000b036       0x30 /home/adrian/sourcecode/toolchain/riscv64-unknown-elf-toolchain-10.2.0-2020.12.8-x86_64-linux-ubuntu14/bin/../lib/gcc/riscv64-unknown-elf/10.2.0/../../../../riscv64-unknown-elf/lib/rv64imafdc/lp64d/libc.a(lib_a-isattyr.o)
                0x000000008000b036                _isatty_r
 .text          0x000000008000b066       0x36 /home/adrian/sourcecode/toolchain/riscv64-unknown-elf-toolchain-10.2.0-2020.12.8-x86_64-linux-ubuntu14/bin/../lib/gcc/riscv64-unknown-elf/10.2.0/../../../../riscv64-unknown-elf/lib/rv64imafdc/lp64d/libc.a(lib_a-lseekr.o)
                0x000000008000b066                _lseek_r
 .text          0x000000008000b09c       0x36 /home/adrian/sourcecode/toolchain/riscv64-unknown-elf-toolchain-10.2.0-2020.12.8-x86_64-linux-ubuntu14/bin/../lib/gcc/riscv64-unknown-elf/10.2.0/../../../../riscv64-unknown-elf/lib/rv64imafdc/lp64d/libc.a(lib_a-readr.o)
                0x000000008000b09c                _read_r
 .text          0x000000008000b0d2       0x2c /home/adrian/sourcecode/toolchain/riscv64-unknown-elf-toolchain-10.2.0-2020.12.8-x86_64-linux-ubuntu14/bin/../lib/gcc/riscv64-unknown-elf/10.2.0/../../../../riscv64-unknown-elf/lib/rv64imafdc/lp64d/libgloss.a(sys_close.o)
                0x000000008000b0d2                _close
 .text          0x000000008000b0fe       0x22 /home/adrian/sourcecode/toolchain/riscv64-unknown-elf-toolchain-10.2.0-2020.12.8-x86_64-linux-ubuntu14/bin/../lib/gcc/riscv64-unknown-elf/10.2.0/../../../../riscv64-unknown-elf/lib/rv64imafdc/lp64d/libgloss.a(sys_exit.o)
                0x000000008000b0fe                _exit
 .text          0x000000008000b120       0x40 /home/adrian/sourcecode/toolchain/riscv64-unknown-elf-toolchain-10.2.0-2020.12.8-x86_64-linux-ubuntu14/bin/../lib/gcc/riscv64-unknown-elf/10.2.0/../../../../riscv64-unknown-elf/lib/rv64imafdc/lp64d/libgloss.a(sys_fstat.o)
                0x000000008000b120                _fstat
 .text          0x000000008000b160        0x4 /home/adrian/sourcecode/toolchain/riscv64-unknown-elf-toolchain-10.2.0-2020.12.8-x86_64-linux-ubuntu14/bin/../lib/gcc/riscv64-unknown-elf/10.2.0/../../../../riscv64-unknown-elf/lib/rv64imafdc/lp64d/libgloss.a(sys_getpid.o)
                0x000000008000b160                _getpid
 .text          0x000000008000b164       0x26 /home/adrian/sourcecode/toolchain/riscv64-unknown-elf-toolchain-10.2.0-2020.12.8-x86_64-linux-ubuntu14/bin/../lib/gcc/riscv64-unknown-elf/10.2.0/../../../../riscv64-unknown-elf/lib/rv64imafdc/lp64d/libgloss.a(sys_isatty.o)
                0x000000008000b164                _isatty
 .text          0x000000008000b18a       0x14 /home/adrian/sourcecode/toolchain/riscv64-unknown-elf-toolchain-10.2.0-2020.12.8-x86_64-linux-ubuntu14/bin/../lib/gcc/riscv64-unknown-elf/10.2.0/../../../../riscv64-unknown-elf/lib/rv64imafdc/lp64d/libgloss.a(sys_kill.o)
                0x000000008000b18a                _kill
 .text          0x000000008000b19e       0x2c /home/adrian/sourcecode/toolchain/riscv64-unknown-elf-toolchain-10.2.0-2020.12.8-x86_64-linux-ubuntu14/bin/../lib/gcc/riscv64-unknown-elf/10.2.0/../../../../riscv64-unknown-elf/lib/rv64imafdc/lp64d/libgloss.a(sys_lseek.o)
                0x000000008000b19e                _lseek
 .text          0x000000008000b1ca       0x2c /home/adrian/sourcecode/toolchain/riscv64-unknown-elf-toolchain-10.2.0-2020.12.8-x86_64-linux-ubuntu14/bin/../lib/gcc/riscv64-unknown-elf/10.2.0/../../../../riscv64-unknown-elf/lib/rv64imafdc/lp64d/libgloss.a(sys_read.o)
                0x000000008000b1ca                _read
 .text          0x000000008000b1f6       0x50 /home/adrian/sourcecode/toolchain/riscv64-unknown-elf-toolchain-10.2.0-2020.12.8-x86_64-linux-ubuntu14/bin/../lib/gcc/riscv64-unknown-elf/10.2.0/../../../../riscv64-unknown-elf/lib/rv64imafdc/lp64d/libgloss.a(sys_sbrk.o)
                0x000000008000b1f6                _sbrk
 .text          0x000000008000b246       0x2c /home/adrian/sourcecode/toolchain/riscv64-unknown-elf-toolchain-10.2.0-2020.12.8-x86_64-linux-ubuntu14/bin/../lib/gcc/riscv64-unknown-elf/10.2.0/../../../../riscv64-unknown-elf/lib/rv64imafdc/lp64d/libgloss.a(sys_write.o)
                0x000000008000b246                _write
 .text          0x000000008000b272       0x5a /home/adrian/sourcecode/toolchain/riscv64-unknown-elf-toolchain-10.2.0-2020.12.8-x86_64-linux-ubuntu14/bin/../lib/gcc/riscv64-unknown-elf/10.2.0/../../../../riscv64-unknown-elf/lib/rv64imafdc/lp64d/libgloss.a(sys_conv_stat.o)
                0x000000008000b272                _conv_stat
 .text          0x000000008000b2cc       0x94 /home/adrian/sourcecode/toolchain/riscv64-unknown-elf-toolchain-10.2.0-2020.12.8-x86_64-linux-ubuntu14/bin/../lib/gcc/riscv64-unknown-elf/10.2.0/rv64imafdc/lp64d/libgcc.a(eqtf2.o)
                0x000000008000b2cc                __eqtf2
                0x000000008000b2cc                __netf2
 .text          0x000000008000b360       0xa6 /home/adrian/sourcecode/toolchain/riscv64-unknown-elf-toolchain-10.2.0-2020.12.8-x86_64-linux-ubuntu14/bin/../lib/gcc/riscv64-unknown-elf/10.2.0/rv64imafdc/lp64d/libgcc.a(getf2.o)
                0x000000008000b360                __getf2
                0x000000008000b360                __gttf2
 .text          0x000000008000b406       0xa6 /home/adrian/sourcecode/toolchain/riscv64-unknown-elf-toolchain-10.2.0-2020.12.8-x86_64-linux-ubuntu14/bin/../lib/gcc/riscv64-unknown-elf/10.2.0/rv64imafdc/lp64d/libgcc.a(letf2.o)
                0x000000008000b406                __letf2
                0x000000008000b406                __lttf2
 .text          0x000000008000b4ac      0x606 /home/adrian/sourcecode/toolchain/riscv64-unknown-elf-toolchain-10.2.0-2020.12.8-x86_64-linux-ubuntu14/bin/../lib/gcc/riscv64-unknown-elf/10.2.0/rv64imafdc/lp64d/libgcc.a(multf3.o)
                0x000000008000b4ac                __multf3
 .text          0x000000008000bab2      0x82c /home/adrian/sourcecode/toolchain/riscv64-unknown-elf-toolchain-10.2.0-2020.12.8-x86_64-linux-ubuntu14/bin/../lib/gcc/riscv64-unknown-elf/10.2.0/rv64imafdc/lp64d/libgcc.a(subtf3.o)
                0x000000008000bab2                __subtf3
 .text          0x000000008000c2de       0x90 /home/adrian/sourcecode/toolchain/riscv64-unknown-elf-toolchain-10.2.0-2020.12.8-x86_64-linux-ubuntu14/bin/../lib/gcc/riscv64-unknown-elf/10.2.0/rv64imafdc/lp64d/libgcc.a(fixtfsi.o)
                0x000000008000c2de                __fixtfsi
 .text          0x000000008000c36e       0x58 /home/adrian/sourcecode/toolchain/riscv64-unknown-elf-toolchain-10.2.0-2020.12.8-x86_64-linux-ubuntu14/bin/../lib/gcc/riscv64-unknown-elf/10.2.0/rv64imafdc/lp64d/libgcc.a(floatsitf.o)
                0x000000008000c36e                __floatsitf
 .text          0x000000008000c3c6       0xc2 /home/adrian/sourcecode/toolchain/riscv64-unknown-elf-toolchain-10.2.0-2020.12.8-x86_64-linux-ubuntu14/bin/../lib/gcc/riscv64-unknown-elf/10.2.0/rv64imafdc/lp64d/libgcc.a(extenddftf2.o)
                0x000000008000c3c6                __extenddftf2
 .text          0x000000008000c488      0x22c /home/adrian/sourcecode/toolchain/riscv64-unknown-elf-toolchain-10.2.0-2020.12.8-x86_64-linux-ubuntu14/bin/../lib/gcc/riscv64-unknown-elf/10.2.0/rv64imafdc/lp64d/libgcc.a(trunctfdf2.o)
                0x000000008000c488                __trunctfdf2
 *(.gnu.linkonce.t.*)

.fini           0x000000008000c6b4        0x0
 *(SORT_NONE(.fini))
                0x000000008000c6b4                _etext = .

.rodata.align   0x000000008000c6b4        0x0
                0x000000008000c6b4                . = ALIGN (0x4)
 *fill*         0x000000008000c6b4        0x0 
                0x000000008000c6b4                _rodata = .

.rodata.start   0x000000008000c6b4        0x0
                0x000000008000c6b4                _rodata_lma = LOADADDR (.rodata.start)

.rodata         0x000000008000c6c0      0xdfc
 *(.rdata)
 *(.rodata .rodata.*)
 .rodata.prvQueueSendTask.str1.8
                0x000000008000c6c0       0x2b build/main_blinky.o
 *fill*         0x000000008000c6eb        0x5 
 .rodata.prvQueueReceiveTask.str1.8
                0x000000008000c6f0       0x2c build/main_blinky.o
 *fill*         0x000000008000c71c        0x4 
 .rodata.main_blinky.str1.8
                0x000000008000c720       0x1b build/main_blinky.o
 *fill*         0x000000008000c73b        0x5 
 .rodata.vTaskStartScheduler.str1.8
                0x000000008000c740        0x5 build//home/adrian/sourcecode/FreeRTOSv202212.01/FreeRTOS/Source/tasks.o
 *fill*         0x000000008000c745        0x3 
 .rodata.prvProcessReceivedCommands
                0x000000008000c748       0x28 build//home/adrian/sourcecode/FreeRTOSv202212.01/FreeRTOS/Source/timers.o
 .rodata.prvCheckForValidListAndQueue.str1.8
                0x000000008000c770        0x5 build//home/adrian/sourcecode/FreeRTOSv202212.01/FreeRTOS/Source/timers.o
 *fill*         0x000000008000c775        0x3 
 .rodata.xTimerCreateTimerTask.str1.8
                0x000000008000c778        0x8 build//home/adrian/sourcecode/FreeRTOSv202212.01/FreeRTOS/Source/timers.o
 .rodata        0x000000008000c780      0x100 /home/adrian/sourcecode/toolchain/riscv64-unknown-elf-toolchain-10.2.0-2020.12.8-x86_64-linux-ubuntu14/bin/../lib/gcc/riscv64-unknown-elf/10.2.0/rv64imafdc/lp64d/libgcc.a(_clz.o)
                0x000000008000c780                __clz_tab
 .rodata.str1.8
                0x000000008000c880       0x5a /home/adrian/sourcecode/toolchain/riscv64-unknown-elf-toolchain-10.2.0-2020.12.8-x86_64-linux-ubuntu14/bin/../lib/gcc/riscv64-unknown-elf/10.2.0/../../../../riscv64-unknown-elf/lib/rv64imafdc/lp64d/libc.a(lib_a-svfprintf.o)
 *fill*         0x000000008000c8da        0x6 
 .rodata        0x000000008000c8e0      0x190 /home/adrian/sourcecode/toolchain/riscv64-unknown-elf-toolchain-10.2.0-2020.12.8-x86_64-linux-ubuntu14/bin/../lib/gcc/riscv64-unknown-elf/10.2.0/../../../../riscv64-unknown-elf/lib/rv64imafdc/lp64d/libc.a(lib_a-svfprintf.o)
 .rodata.cst16  0x000000008000ca70       0x30 /home/adrian/sourcecode/toolchain/riscv64-unknown-elf-toolchain-10.2.0-2020.12.8-x86_64-linux-ubuntu14/bin/../lib/gcc/riscv64-unknown-elf/10.2.0/../../../../riscv64-unknown-elf/lib/rv64imafdc/lp64d/libc.a(lib_a-svfprintf.o)
 .rodata.str1.8
                0x000000008000caa0      0x10e /home/adrian/sourcecode/toolchain/riscv64-unknown-elf-toolchain-10.2.0-2020.12.8-x86_64-linux-ubuntu14/bin/../lib/gcc/riscv64-unknown-elf/10.2.0/../../../../riscv64-unknown-elf/lib/rv64imafdc/lp64d/libc.a(lib_a-ldtoa.o)
 *fill*         0x000000008000cbae        0x2 
 .rodata        0x000000008000cbb0      0x262 /home/adrian/sourcecode/toolchain/riscv64-unknown-elf-toolchain-10.2.0-2020.12.8-x86_64-linux-ubuntu14/bin/../lib/gcc/riscv64-unknown-elf/10.2.0/../../../../riscv64-unknown-elf/lib/rv64imafdc/lp64d/libc.a(lib_a-ldtoa.o)
 *fill*         0x000000008000ce12        0x6 
 .rodata.str1.8
                0x000000008000ce18       0x12 /home/adrian/sourcecode/toolchain/riscv64-unknown-elf-toolchain-10.2.0-2020.12.8-x86_64-linux-ubuntu14/bin/../lib/gcc/riscv64-unknown-elf/10.2.0/../../../../riscv64-unknown-elf/lib/rv64imafdc/lp64d/libc.a(lib_a-locale.o)
                                         0x1a (size before relaxing)
 *fill*         0x000000008000ce2a        0x6 
 .rodata.str1.8
                0x000000008000ce30       0xb9 /home/adrian/sourcecode/toolchain/riscv64-unknown-elf-toolchain-10.2.0-2020.12.8-x86_64-linux-ubuntu14/bin/../lib/gcc/riscv64-unknown-elf/10.2.0/../../../../riscv64-unknown-elf/lib/rv64imafdc/lp64d/libc.a(lib_a-mprec.o)
                                         0xd1 (size before relaxing)
 *fill*         0x000000008000cee9        0x7 
 .rodata        0x000000008000cef0      0x128 /home/adrian/sourcecode/toolchain/riscv64-unknown-elf-toolchain-10.2.0-2020.12.8-x86_64-linux-ubuntu14/bin/../lib/gcc/riscv64-unknown-elf/10.2.0/../../../../riscv64-unknown-elf/lib/rv64imafdc/lp64d/libc.a(lib_a-mprec.o)
                0x000000008000cf00                __mprec_tens
                0x000000008000cfc8                __mprec_tinytens
                0x000000008000cff0                __mprec_bigtens
 .rodata.str1.8
                0x000000008000d018       0x37 /home/adrian/sourcecode/toolchain/riscv64-unknown-elf-toolchain-10.2.0-2020.12.8-x86_64-linux-ubuntu14/bin/../lib/gcc/riscv64-unknown-elf/10.2.0/../../../../riscv64-unknown-elf/lib/rv64imafdc/lp64d/libc.a(lib_a-svfiprintf.o)
 .rodata        0x000000008000d018      0x190 /home/adrian/sourcecode/toolchain/riscv64-unknown-elf-toolchain-10.2.0-2020.12.8-x86_64-linux-ubuntu14/bin/../lib/gcc/riscv64-unknown-elf/10.2.0/../../../../riscv64-unknown-elf/lib/rv64imafdc/lp64d/libc.a(lib_a-svfiprintf.o)
 .rodata.str1.8
                0x000000008000d1a8       0x3f /home/adrian/sourcecode/toolchain/riscv64-unknown-elf-toolchain-10.2.0-2020.12.8-x86_64-linux-ubuntu14/bin/../lib/gcc/riscv64-unknown-elf/10.2.0/../../../../riscv64-unknown-elf/lib/rv64imafdc/lp64d/libc.a(lib_a-assert.o)
                                         0x47 (size before relaxing)
 *fill*         0x000000008000d1e7        0x1 
 .rodata        0x000000008000d1e8      0x101 /home/adrian/sourcecode/toolchain/riscv64-unknown-elf-toolchain-10.2.0-2020.12.8-x86_64-linux-ubuntu14/bin/../lib/gcc/riscv64-unknown-elf/10.2.0/../../../../riscv64-unknown-elf/lib/rv64imafdc/lp64d/libc.a(lib_a-ctype_.o)
                0x000000008000d1e8                _ctype_
 .rodata.str1.8
                0x000000008000d2e9       0x37 /home/adrian/sourcecode/toolchain/riscv64-unknown-elf-toolchain-10.2.0-2020.12.8-x86_64-linux-ubuntu14/bin/../lib/gcc/riscv64-unknown-elf/10.2.0/../../../../riscv64-unknown-elf/lib/rv64imafdc/lp64d/libc.a(lib_a-vfiprintf.o)
 *fill*         0x000000008000d2e9        0x7 
 .rodata        0x000000008000d2f0      0x190 /home/adrian/sourcecode/toolchain/riscv64-unknown-elf-toolchain-10.2.0-2020.12.8-x86_64-linux-ubuntu14/bin/../lib/gcc/riscv64-unknown-elf/10.2.0/../../../../riscv64-unknown-elf/lib/rv64imafdc/lp64d/libc.a(lib_a-vfiprintf.o)
 .rodata        0x000000008000d480       0x3c /home/adrian/sourcecode/toolchain/riscv64-unknown-elf-toolchain-10.2.0-2020.12.8-x86_64-linux-ubuntu14/bin/../lib/gcc/riscv64-unknown-elf/10.2.0/rv64imafdc/lp64d/libgcc.a(multf3.o)
 *(.gnu.linkonce.r.*)
                0x000000008000d4bc                . = ALIGN (0x4)
                0x000000008000d4bc                _erodata = .

.rela.dyn       0x000000008000d4c0        0x0
 .rela.text.xPortStartScheduler
                0x000000008000d4c0        0x0 build/main.o
 .rela.init     0x000000008000d4c0        0x0 build/main.o
 .rela.text.freertos_risc_v_trap_handler
                0x000000008000d4c0        0x0 build/main.o

.data.align     0x0000000080080000        0x0 load address 0x000000008000d4bc
                0x0000000080080000                . = ALIGN (0x4)
                0x0000000080080000                _data = .

.data.start     0x0000000080080000        0x0 load address 0x000000008000d4bc
                0x000000008000d4bc                _data_lma = LOADADDR (.data.start)

.data           0x0000000080080000     0x1180 load address 0x000000008000d4bc
 *(.data .data.*)
 .data          0x0000000080080000      0x748 /home/adrian/sourcecode/toolchain/riscv64-unknown-elf-toolchain-10.2.0-2020.12.8-x86_64-linux-ubuntu14/bin/../lib/gcc/riscv64-unknown-elf/10.2.0/../../../../riscv64-unknown-elf/lib/rv64imafdc/lp64d/libc.a(lib_a-impure.o)
 .data          0x0000000080080748      0x1a8 /home/adrian/sourcecode/toolchain/riscv64-unknown-elf-toolchain-10.2.0-2020.12.8-x86_64-linux-ubuntu14/bin/../lib/gcc/riscv64-unknown-elf/10.2.0/../../../../riscv64-unknown-elf/lib/rv64imafdc/lp64d/libc.a(lib_a-locale.o)
                0x0000000080080748                __global_locale
 .data          0x00000000800808f0      0x810 /home/adrian/sourcecode/toolchain/riscv64-unknown-elf-toolchain-10.2.0-2020.12.8-x86_64-linux-ubuntu14/bin/../lib/gcc/riscv64-unknown-elf/10.2.0/../../../../riscv64-unknown-elf/lib/rv64imafdc/lp64d/libc.a(lib_a-mallocr.o)
                0x00000000800808f0                __malloc_av_
 *(.gnu.linkonce.d.*)
                0x0000000080081100                . = ALIGN (0x8)
                0x0000000080081900                PROVIDE (__global_pointer$ = (. + 0x800))
 *(.sdata .sdata.*)
 .sdata.uxTopUsedPriority
                0x0000000080081100        0x8 build//home/adrian/sourcecode/FreeRTOSv202212.01/FreeRTOS/Source/tasks.o
                0x0000000080081100                uxTopUsedPriority
 .sdata.pullNextTime
                0x0000000080081108        0x8 build//home/adrian/sourcecode/FreeRTOSv202212.01/FreeRTOS/Source/portable/GCC/RISC-V/port.o
                0x0000000080081108                pullNextTime
 .sdata.pxCriticalNesting
                0x0000000080081110        0x8 build//home/adrian/sourcecode/FreeRTOSv202212.01/FreeRTOS/Source/portable/GCC/RISC-V/port.o
                0x0000000080081110                pxCriticalNesting
 .sdata.xCriticalNesting
                0x0000000080081118        0x8 build//home/adrian/sourcecode/FreeRTOSv202212.01/FreeRTOS/Source/portable/GCC/RISC-V/port.o
                0x0000000080081118                xCriticalNesting
 .sdata         0x0000000080081120        0x8 /home/adrian/sourcecode/toolchain/riscv64-unknown-elf-toolchain-10.2.0-2020.12.8-x86_64-linux-ubuntu14/bin/../lib/gcc/riscv64-unknown-elf/10.2.0/../../../../riscv64-unknown-elf/lib/rv64imafdc/lp64d/libc.a(lib_a-impure.o)
                0x0000000080081120                _impure_ptr
 .sdata         0x0000000080081128       0x10 /home/adrian/sourcecode/toolchain/riscv64-unknown-elf-toolchain-10.2.0-2020.12.8-x86_64-linux-ubuntu14/bin/../lib/gcc/riscv64-unknown-elf/10.2.0/../../../../riscv64-unknown-elf/lib/rv64imafdc/lp64d/libc.a(lib_a-mallocr.o)
                0x0000000080081128                __malloc_sbrk_base
                0x0000000080081130                __malloc_trim_threshold
 *(.sdata2 .sdata2.*)
 *(.gnu.linkonce.s.*)
                0x0000000080081138                . = ALIGN (0x8)
 *(.srodata.cst16)
 *(.srodata.cst8)
 .srodata.cst8  0x0000000080081138        0x8 /home/adrian/sourcecode/toolchain/riscv64-unknown-elf-toolchain-10.2.0-2020.12.8-x86_64-linux-ubuntu14/bin/../lib/gcc/riscv64-unknown-elf/10.2.0/../../../../riscv64-unknown-elf/lib/rv64imafdc/lp64d/libc.a(lib_a-strcmp.o)
 .srodata.cst8  0x0000000080081140        0x8 /home/adrian/sourcecode/toolchain/riscv64-unknown-elf-toolchain-10.2.0-2020.12.8-x86_64-linux-ubuntu14/bin/../lib/gcc/riscv64-unknown-elf/10.2.0/../../../../riscv64-unknown-elf/lib/rv64imafdc/lp64d/libc.a(lib_a-strlen.o)
 .srodata.cst8  0x0000000080081140       0x10 /home/adrian/sourcecode/toolchain/riscv64-unknown-elf-toolchain-10.2.0-2020.12.8-x86_64-linux-ubuntu14/bin/../lib/gcc/riscv64-unknown-elf/10.2.0/../../../../riscv64-unknown-elf/lib/rv64imafdc/lp64d/libc.a(lib_a-memchr.o)
 .srodata.cst8  0x0000000080081150       0x10 /home/adrian/sourcecode/toolchain/riscv64-unknown-elf-toolchain-10.2.0-2020.12.8-x86_64-linux-ubuntu14/bin/../lib/gcc/riscv64-unknown-elf/10.2.0/../../../../riscv64-unknown-elf/lib/rv64imafdc/lp64d/libc.a(lib_a-mprec.o)
 .srodata.cst8  0x0000000080081160        0x8 /home/adrian/sourcecode/toolchain/riscv64-unknown-elf-toolchain-10.2.0-2020.12.8-x86_64-linux-ubuntu14/bin/../lib/gcc/riscv64-unknown-elf/10.2.0/../../../../riscv64-unknown-elf/lib/rv64imafdc/lp64d/libc.a(lib_a-s_frexp.o)
 .srodata.cst8  0x0000000080081168        0x8 /home/adrian/sourcecode/toolchain/riscv64-unknown-elf-toolchain-10.2.0-2020.12.8-x86_64-linux-ubuntu14/bin/../lib/gcc/riscv64-unknown-elf/10.2.0/../../../../riscv64-unknown-elf/lib/rv64imafdc/lp64d/libc.a(lib_a-strcpy.o)
 .srodata.cst8  0x0000000080081168       0x10 /home/adrian/sourcecode/toolchain/riscv64-unknown-elf-toolchain-10.2.0-2020.12.8-x86_64-linux-ubuntu14/bin/../lib/gcc/riscv64-unknown-elf/10.2.0/../../../../riscv64-unknown-elf/lib/rv64imafdc/lp64d/libc.a(lib_a-strncpy.o)
 *(.srodata.cst4)
 *(.srodata.cst2)
 *(.srodata .srodata.*)
 .srodata.uxTimerIncrementsForOneTick
                0x0000000080081168        0x8 build//home/adrian/sourcecode/FreeRTOSv202212.01/FreeRTOS/Source/portable/GCC/RISC-V/port.o
                0x0000000080081168                uxTimerIncrementsForOneTick
 .srodata.xISRStackTop
                0x0000000080081170        0x8 build//home/adrian/sourcecode/FreeRTOSv202212.01/FreeRTOS/Source/portable/GCC/RISC-V/port.o
                0x0000000080081170                xISRStackTop
 .srodata       0x0000000080081178        0x8 /home/adrian/sourcecode/toolchain/riscv64-unknown-elf-toolchain-10.2.0-2020.12.8-x86_64-linux-ubuntu14/bin/../lib/gcc/riscv64-unknown-elf/10.2.0/../../../../riscv64-unknown-elf/lib/rv64imafdc/lp64d/libc.a(lib_a-impure.o)
                0x0000000080081178                _global_impure_ptr
                0x0000000080081180                . = ALIGN (0x4)
                0x0000000080081180                _edata = .

.bss.align      0x0000000080081180        0x0 load address 0x000000008000e63c
                0x0000000080081180                . = ALIGN (0x4)
                0x0000000080081180                _bss = .

.bss.start      0x0000000080081180        0x0 load address 0x000000008000e63c
                0x000000008000e63c                _bss_lma = LOADADDR (.bss.start)

.bss            0x0000000080081180    0x13ff8 load address 0x000000008000e63c
 *(.sbss*)
 .sbss.xQueue   0x0000000080081180        0x8 build/main_blinky.o
 .sbss.pxCurrentTCB
                0x0000000080081188        0x8 build//home/adrian/sourcecode/FreeRTOSv202212.01/FreeRTOS/Source/tasks.o
                0x0000000080081188                pxCurrentTCB
 .sbss.pxDelayedTaskList
                0x0000000080081190        0x8 build//home/adrian/sourcecode/FreeRTOSv202212.01/FreeRTOS/Source/tasks.o
 .sbss.pxOverflowDelayedTaskList
                0x0000000080081198        0x8 build//home/adrian/sourcecode/FreeRTOSv202212.01/FreeRTOS/Source/tasks.o
 .sbss.uxCurrentNumberOfTasks
                0x00000000800811a0        0x8 build//home/adrian/sourcecode/FreeRTOSv202212.01/FreeRTOS/Source/tasks.o
 .sbss.uxDeletedTasksWaitingCleanUp
                0x00000000800811a8        0x8 build//home/adrian/sourcecode/FreeRTOSv202212.01/FreeRTOS/Source/tasks.o
 .sbss.uxSchedulerSuspended
                0x00000000800811b0        0x8 build//home/adrian/sourcecode/FreeRTOSv202212.01/FreeRTOS/Source/tasks.o
 .sbss.uxTaskNumber
                0x00000000800811b8        0x8 build//home/adrian/sourcecode/FreeRTOSv202212.01/FreeRTOS/Source/tasks.o
 .sbss.uxTopReadyPriority
                0x00000000800811c0        0x8 build//home/adrian/sourcecode/FreeRTOSv202212.01/FreeRTOS/Source/tasks.o
 .sbss.xIdleTaskHandle
                0x00000000800811c8        0x8 build//home/adrian/sourcecode/FreeRTOSv202212.01/FreeRTOS/Source/tasks.o
 .sbss.xNextTaskUnblockTime
                0x00000000800811d0        0x8 build//home/adrian/sourcecode/FreeRTOSv202212.01/FreeRTOS/Source/tasks.o
 .sbss.xNumOfOverflows
                0x00000000800811d8        0x8 build//home/adrian/sourcecode/FreeRTOSv202212.01/FreeRTOS/Source/tasks.o
 .sbss.xPendedTicks
                0x00000000800811e0        0x8 build//home/adrian/sourcecode/FreeRTOSv202212.01/FreeRTOS/Source/tasks.o
 .sbss.xSchedulerRunning
                0x00000000800811e8        0x8 build//home/adrian/sourcecode/FreeRTOSv202212.01/FreeRTOS/Source/tasks.o
 .sbss.xTickCount
                0x00000000800811f0        0x8 build//home/adrian/sourcecode/FreeRTOSv202212.01/FreeRTOS/Source/tasks.o
 .sbss.xYieldPending
                0x00000000800811f8        0x8 build//home/adrian/sourcecode/FreeRTOSv202212.01/FreeRTOS/Source/tasks.o
 .sbss.pxCurrentTimerList
                0x0000000080081200        0x8 build//home/adrian/sourcecode/FreeRTOSv202212.01/FreeRTOS/Source/timers.o
 .sbss.pxOverflowTimerList
                0x0000000080081208        0x8 build//home/adrian/sourcecode/FreeRTOSv202212.01/FreeRTOS/Source/timers.o
 .sbss.xLastTime.0
                0x0000000080081210        0x8 build//home/adrian/sourcecode/FreeRTOSv202212.01/FreeRTOS/Source/timers.o
 .sbss.xTimerQueue
                0x0000000080081218        0x8 build//home/adrian/sourcecode/FreeRTOSv202212.01/FreeRTOS/Source/timers.o
 .sbss.xTimerTaskHandle
                0x0000000080081220        0x8 build//home/adrian/sourcecode/FreeRTOSv202212.01/FreeRTOS/Source/timers.o
 .sbss.pxEnd    0x0000000080081228        0x8 build//home/adrian/sourcecode/FreeRTOSv202212.01/FreeRTOS/Source/portable/MemMang/heap_4.o
 .sbss.xFreeBytesRemaining
                0x0000000080081230        0x8 build//home/adrian/sourcecode/FreeRTOSv202212.01/FreeRTOS/Source/portable/MemMang/heap_4.o
 .sbss.xMinimumEverFreeBytesRemaining
                0x0000000080081238        0x8 build//home/adrian/sourcecode/FreeRTOSv202212.01/FreeRTOS/Source/portable/MemMang/heap_4.o
 .sbss.xNumberOfSuccessfulAllocations
                0x0000000080081240        0x8 build//home/adrian/sourcecode/FreeRTOSv202212.01/FreeRTOS/Source/portable/MemMang/heap_4.o
 .sbss.xNumberOfSuccessfulFrees
                0x0000000080081248        0x8 build//home/adrian/sourcecode/FreeRTOSv202212.01/FreeRTOS/Source/portable/MemMang/heap_4.o
 .sbss.pullMachineTimerCompareRegister
                0x0000000080081250        0x8 build//home/adrian/sourcecode/FreeRTOSv202212.01/FreeRTOS/Source/portable/GCC/RISC-V/port.o
                0x0000000080081250                pullMachineTimerCompareRegister
 .sbss.ullNextTime
                0x0000000080081258        0x8 build//home/adrian/sourcecode/FreeRTOSv202212.01/FreeRTOS/Source/portable/GCC/RISC-V/port.o
                0x0000000080081258                ullNextTime
 .sbss.xTaskReturnAddress
                0x0000000080081260        0x8 build//home/adrian/sourcecode/FreeRTOSv202212.01/FreeRTOS/Source/portable/GCC/RISC-V/port.o
                0x0000000080081260                xTaskReturnAddress
 .sbss          0x0000000080081268       0x18 /home/adrian/sourcecode/toolchain/riscv64-unknown-elf-toolchain-10.2.0-2020.12.8-x86_64-linux-ubuntu14/bin/../lib/gcc/riscv64-unknown-elf/10.2.0/../../../../riscv64-unknown-elf/lib/rv64imafdc/lp64d/libc.a(lib_a-mallocr.o)
                0x0000000080081268                __malloc_max_total_mem
                0x0000000080081270                __malloc_max_sbrked_mem
                0x0000000080081278                __malloc_top_pad
 .sbss          0x0000000080081280        0x4 /home/adrian/sourcecode/toolchain/riscv64-unknown-elf-toolchain-10.2.0-2020.12.8-x86_64-linux-ubuntu14/bin/../lib/gcc/riscv64-unknown-elf/10.2.0/../../../../riscv64-unknown-elf/lib/rv64imafdc/lp64d/libc.a(lib_a-reent.o)
                0x0000000080081280                errno
 *fill*         0x0000000080081284        0x4 
 .sbss          0x0000000080081288        0x8 /home/adrian/sourcecode/toolchain/riscv64-unknown-elf-toolchain-10.2.0-2020.12.8-x86_64-linux-ubuntu14/bin/../lib/gcc/riscv64-unknown-elf/10.2.0/../../../../riscv64-unknown-elf/lib/rv64imafdc/lp64d/libgloss.a(sys_sbrk.o)
 *(.gnu.linkonce.sb.*)
 *(.bss .bss.*)
 .bss.xQueueRegistry
                0x0000000080081290       0x80 build//home/adrian/sourcecode/FreeRTOSv202212.01/FreeRTOS/Source/queue.o
                0x0000000080081290                xQueueRegistry
 .bss.pxReadyTasksLists
                0x0000000080081310      0x118 build//home/adrian/sourcecode/FreeRTOSv202212.01/FreeRTOS/Source/tasks.o
 .bss.xDelayedTaskList1
                0x0000000080081428       0x28 build//home/adrian/sourcecode/FreeRTOSv202212.01/FreeRTOS/Source/tasks.o
 .bss.xDelayedTaskList2
                0x0000000080081450       0x28 build//home/adrian/sourcecode/FreeRTOSv202212.01/FreeRTOS/Source/tasks.o
 .bss.xPendingReadyList
                0x0000000080081478       0x28 build//home/adrian/sourcecode/FreeRTOSv202212.01/FreeRTOS/Source/tasks.o
 .bss.xSuspendedTaskList
                0x00000000800814a0       0x28 build//home/adrian/sourcecode/FreeRTOSv202212.01/FreeRTOS/Source/tasks.o
 .bss.xTasksWaitingTermination
                0x00000000800814c8       0x28 build//home/adrian/sourcecode/FreeRTOSv202212.01/FreeRTOS/Source/tasks.o
 .bss.xActiveTimerList1
                0x00000000800814f0       0x28 build//home/adrian/sourcecode/FreeRTOSv202212.01/FreeRTOS/Source/timers.o
 .bss.xActiveTimerList2
                0x0000000080081518       0x28 build//home/adrian/sourcecode/FreeRTOSv202212.01/FreeRTOS/Source/timers.o
 .bss.ucHeap    0x0000000080081540     0xfbf4 build//home/adrian/sourcecode/FreeRTOSv202212.01/FreeRTOS/Source/portable/MemMang/heap_4.o
 *fill*         0x0000000080091134        0x4 
 .bss.xStart    0x0000000080091138       0x10 build//home/adrian/sourcecode/FreeRTOSv202212.01/FreeRTOS/Source/portable/MemMang/heap_4.o
 *fill*         0x0000000080091148        0x8 
 .bss.xISRStack
                0x0000000080091150     0x4000 build//home/adrian/sourcecode/FreeRTOSv202212.01/FreeRTOS/Source/portable/GCC/RISC-V/port.o
 .bss           0x0000000080095150       0x28 /home/adrian/sourcecode/toolchain/riscv64-unknown-elf-toolchain-10.2.0-2020.12.8-x86_64-linux-ubuntu14/bin/../lib/gcc/riscv64-unknown-elf/10.2.0/../../../../riscv64-unknown-elf/lib/rv64imafdc/lp64d/libc.a(lib_a-mallocr.o)
                0x0000000080095150                __malloc_current_mallinfo
 *(.gnu.linkonce.b.*)
 *(COMMON)
                0x0000000080095178                . = ALIGN (0x4)
                0x0000000080095178                _ebss = .
                0x0000000080095178                . = ALIGN (0x8)
                0x0000000080095178                _end = .

.stack          0x0000000080095178      0x134
                0x0000000080095180                . = ALIGN (0x10)
 *fill*         0x0000000080095178        0x8 
                0x00000000800952ac                . = (. + __stack_size)
 *fill*         0x0000000080095180      0x12c 
                0x00000000800952ac                _stack_top = .
OUTPUT(build/RTOSDemo.axf elf64-littleriscv)

.debug_info     0x0000000000000000     0x9950
 .debug_info    0x0000000000000000      0x1b6 build/main.o
 .debug_info    0x00000000000001b6      0x583 build/main_blinky.o
 .debug_info    0x0000000000000739      0x1cd build/riscv-virt.o
 .debug_info    0x0000000000000906      0x19e build/ns16550.o
 .debug_info    0x0000000000000aa4      0x2f8 build//home/adrian/sourcecode/FreeRTOSv202212.01/FreeRTOS/Source/list.o
 .debug_info    0x0000000000000d9c     0x1ea3 build//home/adrian/sourcecode/FreeRTOSv202212.01/FreeRTOS/Source/queue.o
 .debug_info    0x0000000000002c3f     0x2a7e build//home/adrian/sourcecode/FreeRTOSv202212.01/FreeRTOS/Source/tasks.o
 .debug_info    0x00000000000056bd     0x13e6 build//home/adrian/sourcecode/FreeRTOSv202212.01/FreeRTOS/Source/timers.o
 .debug_info    0x0000000000006aa3      0x67a build//home/adrian/sourcecode/FreeRTOSv202212.01/FreeRTOS/Source/portable/MemMang/heap_4.o
 .debug_info    0x000000000000711d      0x33c build//home/adrian/sourcecode/FreeRTOSv202212.01/FreeRTOS/Source/portable/GCC/RISC-V/port.o
 .debug_info    0x0000000000007459       0x2e build/start.o
 .debug_info    0x0000000000007487       0x22 build//home/adrian/sourcecode/FreeRTOSv202212.01/FreeRTOS/Source/portable/GCC/RISC-V/portASM.o
 .debug_info    0x00000000000074a9      0x170 /home/adrian/sourcecode/toolchain/riscv64-unknown-elf-toolchain-10.2.0-2020.12.8-x86_64-linux-ubuntu14/bin/../lib/gcc/riscv64-unknown-elf/10.2.0/rv64imafdc/lp64d/libgcc.a(_clzsi2.o)
 .debug_info    0x0000000000007619       0xf7 /home/adrian/sourcecode/toolchain/riscv64-unknown-elf-toolchain-10.2.0-2020.12.8-x86_64-linux-ubuntu14/bin/../lib/gcc/riscv64-unknown-elf/10.2.0/rv64imafdc/lp64d/libgcc.a(_clz.o)
 .debug_info    0x0000000000007710      0x2bb /home/adrian/sourcecode/toolchain/riscv64-unknown-elf-toolchain-10.2.0-2020.12.8-x86_64-linux-ubuntu14/bin/../lib/gcc/riscv64-unknown-elf/10.2.0/rv64imafdc/lp64d/libgcc.a(eqtf2.o)
 .debug_info    0x00000000000079cb      0x29d /home/adrian/sourcecode/toolchain/riscv64-unknown-elf-toolchain-10.2.0-2020.12.8-x86_64-linux-ubuntu14/bin/../lib/gcc/riscv64-unknown-elf/10.2.0/rv64imafdc/lp64d/libgcc.a(getf2.o)
 .debug_info    0x0000000000007c68      0x29d /home/adrian/sourcecode/toolchain/riscv64-unknown-elf-toolchain-10.2.0-2020.12.8-x86_64-linux-ubuntu14/bin/../lib/gcc/riscv64-unknown-elf/10.2.0/rv64imafdc/lp64d/libgcc.a(letf2.o)
 .debug_info    0x0000000000007f05      0x8d5 /home/adrian/sourcecode/toolchain/riscv64-unknown-elf-toolchain-10.2.0-2020.12.8-x86_64-linux-ubuntu14/bin/../lib/gcc/riscv64-unknown-elf/10.2.0/rv64imafdc/lp64d/libgcc.a(multf3.o)
 .debug_info    0x00000000000087da      0x65f /home/adrian/sourcecode/toolchain/riscv64-unknown-elf-toolchain-10.2.0-2020.12.8-x86_64-linux-ubuntu14/bin/../lib/gcc/riscv64-unknown-elf/10.2.0/rv64imafdc/lp64d/libgcc.a(subtf3.o)
 .debug_info    0x0000000000008e39      0x239 /home/adrian/sourcecode/toolchain/riscv64-unknown-elf-toolchain-10.2.0-2020.12.8-x86_64-linux-ubuntu14/bin/../lib/gcc/riscv64-unknown-elf/10.2.0/rv64imafdc/lp64d/libgcc.a(fixtfsi.o)
 .debug_info    0x0000000000009072      0x2ee /home/adrian/sourcecode/toolchain/riscv64-unknown-elf-toolchain-10.2.0-2020.12.8-x86_64-linux-ubuntu14/bin/../lib/gcc/riscv64-unknown-elf/10.2.0/rv64imafdc/lp64d/libgcc.a(floatsitf.o)
 .debug_info    0x0000000000009360      0x2e5 /home/adrian/sourcecode/toolchain/riscv64-unknown-elf-toolchain-10.2.0-2020.12.8-x86_64-linux-ubuntu14/bin/../lib/gcc/riscv64-unknown-elf/10.2.0/rv64imafdc/lp64d/libgcc.a(extenddftf2.o)
 .debug_info    0x0000000000009645      0x30b /home/adrian/sourcecode/toolchain/riscv64-unknown-elf-toolchain-10.2.0-2020.12.8-x86_64-linux-ubuntu14/bin/../lib/gcc/riscv64-unknown-elf/10.2.0/rv64imafdc/lp64d/libgcc.a(trunctfdf2.o)

.debug_abbrev   0x0000000000000000     0x1f16
 .debug_abbrev  0x0000000000000000       0xfa build/main.o
 .debug_abbrev  0x00000000000000fa      0x160 build/main_blinky.o
 .debug_abbrev  0x000000000000025a      0x13f build/riscv-virt.o
 .debug_abbrev  0x0000000000000399      0x130 build/ns16550.o
 .debug_abbrev  0x00000000000004c9      0x114 build//home/adrian/sourcecode/FreeRTOSv202212.01/FreeRTOS/Source/list.o
 .debug_abbrev  0x00000000000005dd      0x24f build//home/adrian/sourcecode/FreeRTOSv202212.01/FreeRTOS/Source/queue.o
 .debug_abbrev  0x000000000000082c      0x2d2 build//home/adrian/sourcecode/FreeRTOSv202212.01/FreeRTOS/Source/tasks.o
 .debug_abbrev  0x0000000000000afe      0x23f build//home/adrian/sourcecode/FreeRTOSv202212.01/FreeRTOS/Source/timers.o
 .debug_abbrev  0x0000000000000d3d      0x230 build//home/adrian/sourcecode/FreeRTOSv202212.01/FreeRTOS/Source/portable/MemMang/heap_4.o
 .debug_abbrev  0x0000000000000f6d      0x17f build//home/adrian/sourcecode/FreeRTOSv202212.01/FreeRTOS/Source/portable/GCC/RISC-V/port.o
 .debug_abbrev  0x00000000000010ec       0x14 build/start.o
 .debug_abbrev  0x0000000000001100       0x12 build//home/adrian/sourcecode/FreeRTOSv202212.01/FreeRTOS/Source/portable/GCC/RISC-V/portASM.o
 .debug_abbrev  0x0000000000001112       0xca /home/adrian/sourcecode/toolchain/riscv64-unknown-elf-toolchain-10.2.0-2020.12.8-x86_64-linux-ubuntu14/bin/../lib/gcc/riscv64-unknown-elf/10.2.0/rv64imafdc/lp64d/libgcc.a(_clzsi2.o)
 .debug_abbrev  0x00000000000011dc       0x70 /home/adrian/sourcecode/toolchain/riscv64-unknown-elf-toolchain-10.2.0-2020.12.8-x86_64-linux-ubuntu14/bin/../lib/gcc/riscv64-unknown-elf/10.2.0/rv64imafdc/lp64d/libgcc.a(_clz.o)
 .debug_abbrev  0x000000000000124c      0x158 /home/adrian/sourcecode/toolchain/riscv64-unknown-elf-toolchain-10.2.0-2020.12.8-x86_64-linux-ubuntu14/bin/../lib/gcc/riscv64-unknown-elf/10.2.0/rv64imafdc/lp64d/libgcc.a(eqtf2.o)
 .debug_abbrev  0x00000000000013a4      0x16f /home/adrian/sourcecode/toolchain/riscv64-unknown-elf-toolchain-10.2.0-2020.12.8-x86_64-linux-ubuntu14/bin/../lib/gcc/riscv64-unknown-elf/10.2.0/rv64imafdc/lp64d/libgcc.a(getf2.o)
 .debug_abbrev  0x0000000000001513      0x16f /home/adrian/sourcecode/toolchain/riscv64-unknown-elf-toolchain-10.2.0-2020.12.8-x86_64-linux-ubuntu14/bin/../lib/gcc/riscv64-unknown-elf/10.2.0/rv64imafdc/lp64d/libgcc.a(letf2.o)
 .debug_abbrev  0x0000000000001682      0x19f /home/adrian/sourcecode/toolchain/riscv64-unknown-elf-toolchain-10.2.0-2020.12.8-x86_64-linux-ubuntu14/bin/../lib/gcc/riscv64-unknown-elf/10.2.0/rv64imafdc/lp64d/libgcc.a(multf3.o)
 .debug_abbrev  0x0000000000001821      0x177 /home/adrian/sourcecode/toolchain/riscv64-unknown-elf-toolchain-10.2.0-2020.12.8-x86_64-linux-ubuntu14/bin/../lib/gcc/riscv64-unknown-elf/10.2.0/rv64imafdc/lp64d/libgcc.a(subtf3.o)
 .debug_abbrev  0x0000000000001998      0x157 /home/adrian/sourcecode/toolchain/riscv64-unknown-elf-toolchain-10.2.0-2020.12.8-x86_64-linux-ubuntu14/bin/../lib/gcc/riscv64-unknown-elf/10.2.0/rv64imafdc/lp64d/libgcc.a(fixtfsi.o)
 .debug_abbrev  0x0000000000001aef      0x17e /home/adrian/sourcecode/toolchain/riscv64-unknown-elf-toolchain-10.2.0-2020.12.8-x86_64-linux-ubuntu14/bin/../lib/gcc/riscv64-unknown-elf/10.2.0/rv64imafdc/lp64d/libgcc.a(floatsitf.o)
 .debug_abbrev  0x0000000000001c6d      0x15a /home/adrian/sourcecode/toolchain/riscv64-unknown-elf-toolchain-10.2.0-2020.12.8-x86_64-linux-ubuntu14/bin/../lib/gcc/riscv64-unknown-elf/10.2.0/rv64imafdc/lp64d/libgcc.a(extenddftf2.o)
 .debug_abbrev  0x0000000000001dc7      0x14f /home/adrian/sourcecode/toolchain/riscv64-unknown-elf-toolchain-10.2.0-2020.12.8-x86_64-linux-ubuntu14/bin/../lib/gcc/riscv64-unknown-elf/10.2.0/rv64imafdc/lp64d/libgcc.a(trunctfdf2.o)

.debug_aranges  0x0000000000000000      0xd30
 .debug_aranges
                0x0000000000000000       0x80 build/main.o
 .debug_aranges
                0x0000000000000080       0x50 build/main_blinky.o
 .debug_aranges
                0x00000000000000d0       0x50 build/riscv-virt.o
 .debug_aranges
                0x0000000000000120       0x50 build/ns16550.o
 .debug_aranges
                0x0000000000000170       0x70 build//home/adrian/sourcecode/FreeRTOSv202212.01/FreeRTOS/Source/list.o
 .debug_aranges
                0x00000000000001e0      0x240 build//home/adrian/sourcecode/FreeRTOSv202212.01/FreeRTOS/Source/queue.o
 .debug_aranges
                0x0000000000000420      0x3b0 build//home/adrian/sourcecode/FreeRTOSv202212.01/FreeRTOS/Source/tasks.o
 .debug_aranges
                0x00000000000007d0      0x1c0 build//home/adrian/sourcecode/FreeRTOSv202212.01/FreeRTOS/Source/timers.o
 .debug_aranges
                0x0000000000000990       0xb0 build//home/adrian/sourcecode/FreeRTOSv202212.01/FreeRTOS/Source/portable/MemMang/heap_4.o
 .debug_aranges
                0x0000000000000a40       0x50 build//home/adrian/sourcecode/FreeRTOSv202212.01/FreeRTOS/Source/portable/GCC/RISC-V/port.o
 .debug_aranges
                0x0000000000000a90       0x30 build/start.o
 .debug_aranges
                0x0000000000000ac0       0x70 build//home/adrian/sourcecode/FreeRTOSv202212.01/FreeRTOS/Source/portable/GCC/RISC-V/portASM.o
 .debug_aranges
                0x0000000000000b30       0x30 /home/adrian/sourcecode/toolchain/riscv64-unknown-elf-toolchain-10.2.0-2020.12.8-x86_64-linux-ubuntu14/bin/../lib/gcc/riscv64-unknown-elf/10.2.0/rv64imafdc/lp64d/libgcc.a(_clzsi2.o)
 .debug_aranges
                0x0000000000000b60       0x20 /home/adrian/sourcecode/toolchain/riscv64-unknown-elf-toolchain-10.2.0-2020.12.8-x86_64-linux-ubuntu14/bin/../lib/gcc/riscv64-unknown-elf/10.2.0/rv64imafdc/lp64d/libgcc.a(_clz.o)
 .debug_aranges
                0x0000000000000b80       0x30 /home/adrian/sourcecode/toolchain/riscv64-unknown-elf-toolchain-10.2.0-2020.12.8-x86_64-linux-ubuntu14/bin/../lib/gcc/riscv64-unknown-elf/10.2.0/rv64imafdc/lp64d/libgcc.a(eqtf2.o)
 .debug_aranges
                0x0000000000000bb0       0x30 /home/adrian/sourcecode/toolchain/riscv64-unknown-elf-toolchain-10.2.0-2020.12.8-x86_64-linux-ubuntu14/bin/../lib/gcc/riscv64-unknown-elf/10.2.0/rv64imafdc/lp64d/libgcc.a(getf2.o)
 .debug_aranges
                0x0000000000000be0       0x30 /home/adrian/sourcecode/toolchain/riscv64-unknown-elf-toolchain-10.2.0-2020.12.8-x86_64-linux-ubuntu14/bin/../lib/gcc/riscv64-unknown-elf/10.2.0/rv64imafdc/lp64d/libgcc.a(letf2.o)
 .debug_aranges
                0x0000000000000c10       0x30 /home/adrian/sourcecode/toolchain/riscv64-unknown-elf-toolchain-10.2.0-2020.12.8-x86_64-linux-ubuntu14/bin/../lib/gcc/riscv64-unknown-elf/10.2.0/rv64imafdc/lp64d/libgcc.a(multf3.o)
 .debug_aranges
                0x0000000000000c40       0x30 /home/adrian/sourcecode/toolchain/riscv64-unknown-elf-toolchain-10.2.0-2020.12.8-x86_64-linux-ubuntu14/bin/../lib/gcc/riscv64-unknown-elf/10.2.0/rv64imafdc/lp64d/libgcc.a(subtf3.o)
 .debug_aranges
                0x0000000000000c70       0x30 /home/adrian/sourcecode/toolchain/riscv64-unknown-elf-toolchain-10.2.0-2020.12.8-x86_64-linux-ubuntu14/bin/../lib/gcc/riscv64-unknown-elf/10.2.0/rv64imafdc/lp64d/libgcc.a(fixtfsi.o)
 .debug_aranges
                0x0000000000000ca0       0x30 /home/adrian/sourcecode/toolchain/riscv64-unknown-elf-toolchain-10.2.0-2020.12.8-x86_64-linux-ubuntu14/bin/../lib/gcc/riscv64-unknown-elf/10.2.0/rv64imafdc/lp64d/libgcc.a(floatsitf.o)
 .debug_aranges
                0x0000000000000cd0       0x30 /home/adrian/sourcecode/toolchain/riscv64-unknown-elf-toolchain-10.2.0-2020.12.8-x86_64-linux-ubuntu14/bin/../lib/gcc/riscv64-unknown-elf/10.2.0/rv64imafdc/lp64d/libgcc.a(extenddftf2.o)
 .debug_aranges
                0x0000000000000d00       0x30 /home/adrian/sourcecode/toolchain/riscv64-unknown-elf-toolchain-10.2.0-2020.12.8-x86_64-linux-ubuntu14/bin/../lib/gcc/riscv64-unknown-elf/10.2.0/rv64imafdc/lp64d/libgcc.a(trunctfdf2.o)

.debug_ranges   0x0000000000000000     0x2300
 .debug_ranges  0x0000000000000000       0x70 build/main.o
 .debug_ranges  0x0000000000000070       0xa0 build/main_blinky.o
 .debug_ranges  0x0000000000000110       0x40 build/riscv-virt.o
 .debug_ranges  0x0000000000000150       0x40 build/ns16550.o
 .debug_ranges  0x0000000000000190       0x60 build//home/adrian/sourcecode/FreeRTOSv202212.01/FreeRTOS/Source/list.o
 .debug_ranges  0x00000000000001f0      0x430 build//home/adrian/sourcecode/FreeRTOSv202212.01/FreeRTOS/Source/queue.o
 .debug_ranges  0x0000000000000620      0x8a0 build//home/adrian/sourcecode/FreeRTOSv202212.01/FreeRTOS/Source/tasks.o
 .debug_ranges  0x0000000000000ec0      0x1b0 build//home/adrian/sourcecode/FreeRTOSv202212.01/FreeRTOS/Source/timers.o
 .debug_ranges  0x0000000000001070       0xa0 build//home/adrian/sourcecode/FreeRTOSv202212.01/FreeRTOS/Source/portable/MemMang/heap_4.o
 .debug_ranges  0x0000000000001110       0x40 build//home/adrian/sourcecode/FreeRTOSv202212.01/FreeRTOS/Source/portable/GCC/RISC-V/port.o
 .debug_ranges  0x0000000000001150       0x70 build//home/adrian/sourcecode/FreeRTOSv202212.01/FreeRTOS/Source/portable/GCC/RISC-V/portASM.o
 .debug_ranges  0x00000000000011c0       0x30 /home/adrian/sourcecode/toolchain/riscv64-unknown-elf-toolchain-10.2.0-2020.12.8-x86_64-linux-ubuntu14/bin/../lib/gcc/riscv64-unknown-elf/10.2.0/rv64imafdc/lp64d/libgcc.a(_clzsi2.o)
 .debug_ranges  0x00000000000011f0       0xb0 /home/adrian/sourcecode/toolchain/riscv64-unknown-elf-toolchain-10.2.0-2020.12.8-x86_64-linux-ubuntu14/bin/../lib/gcc/riscv64-unknown-elf/10.2.0/rv64imafdc/lp64d/libgcc.a(eqtf2.o)
 .debug_ranges  0x00000000000012a0       0xb0 /home/adrian/sourcecode/toolchain/riscv64-unknown-elf-toolchain-10.2.0-2020.12.8-x86_64-linux-ubuntu14/bin/../lib/gcc/riscv64-unknown-elf/10.2.0/rv64imafdc/lp64d/libgcc.a(getf2.o)
 .debug_ranges  0x0000000000001350       0xb0 /home/adrian/sourcecode/toolchain/riscv64-unknown-elf-toolchain-10.2.0-2020.12.8-x86_64-linux-ubuntu14/bin/../lib/gcc/riscv64-unknown-elf/10.2.0/rv64imafdc/lp64d/libgcc.a(letf2.o)
 .debug_ranges  0x0000000000001400      0x5e0 /home/adrian/sourcecode/toolchain/riscv64-unknown-elf-toolchain-10.2.0-2020.12.8-x86_64-linux-ubuntu14/bin/../lib/gcc/riscv64-unknown-elf/10.2.0/rv64imafdc/lp64d/libgcc.a(multf3.o)
 .debug_ranges  0x00000000000019e0      0x690 /home/adrian/sourcecode/toolchain/riscv64-unknown-elf-toolchain-10.2.0-2020.12.8-x86_64-linux-ubuntu14/bin/../lib/gcc/riscv64-unknown-elf/10.2.0/rv64imafdc/lp64d/libgcc.a(subtf3.o)
 .debug_ranges  0x0000000000002070       0x90 /home/adrian/sourcecode/toolchain/riscv64-unknown-elf-toolchain-10.2.0-2020.12.8-x86_64-linux-ubuntu14/bin/../lib/gcc/riscv64-unknown-elf/10.2.0/rv64imafdc/lp64d/libgcc.a(fixtfsi.o)
 .debug_ranges  0x0000000000002100       0xa0 /home/adrian/sourcecode/toolchain/riscv64-unknown-elf-toolchain-10.2.0-2020.12.8-x86_64-linux-ubuntu14/bin/../lib/gcc/riscv64-unknown-elf/10.2.0/rv64imafdc/lp64d/libgcc.a(floatsitf.o)
 .debug_ranges  0x00000000000021a0       0x30 /home/adrian/sourcecode/toolchain/riscv64-unknown-elf-toolchain-10.2.0-2020.12.8-x86_64-linux-ubuntu14/bin/../lib/gcc/riscv64-unknown-elf/10.2.0/rv64imafdc/lp64d/libgcc.a(extenddftf2.o)
 .debug_ranges  0x00000000000021d0      0x130 /home/adrian/sourcecode/toolchain/riscv64-unknown-elf-toolchain-10.2.0-2020.12.8-x86_64-linux-ubuntu14/bin/../lib/gcc/riscv64-unknown-elf/10.2.0/rv64imafdc/lp64d/libgcc.a(trunctfdf2.o)

.debug_macro    0x0000000000000000     0x36ce
 .debug_macro   0x0000000000000000       0xff build/main.o
 .debug_macro   0x00000000000000ff      0x7e4 build/main.o
 .debug_macro   0x00000000000008e3      0x174 build/main.o
 .debug_macro   0x0000000000000a57       0x22 build/main.o
 .debug_macro   0x0000000000000a79       0x8e build/main.o
 .debug_macro   0x0000000000000b07       0x51 build/main.o
 .debug_macro   0x0000000000000b58       0xfd build/main.o
 .debug_macro   0x0000000000000c55       0x6a build/main.o
 .debug_macro   0x0000000000000cbf      0x1df build/main.o
 .debug_macro   0x0000000000000e9e       0x22 build/main.o
 .debug_macro   0x0000000000000ec0       0x2e build/main.o
 .debug_macro   0x0000000000000eee      0x10c build/main.o
 .debug_macro   0x0000000000000ffa      0x15a build/main.o
 .debug_macro   0x0000000000001154       0xd9 build/main.o
 .debug_macro   0x000000000000122d       0x28 build/main.o
 .debug_macro   0x0000000000001255       0x1f build/main.o
 .debug_macro   0x0000000000001274       0x12 build/main.o
 .debug_macro   0x0000000000001286      0x50a build/main.o
 .debug_macro   0x0000000000001790       0xc3 build/main.o
 .debug_macro   0x0000000000001853      0x120 build/main.o
 .debug_macro   0x0000000000001973      0x27c build/main_blinky.o
 .debug_macro   0x0000000000001bef       0x80 build/main_blinky.o
 .debug_macro   0x0000000000001c6f       0x58 build/main_blinky.o
 .debug_macro   0x0000000000001cc7       0x20 build/main_blinky.o
 .debug_macro   0x0000000000001ce7       0x34 build/main_blinky.o
 .debug_macro   0x0000000000001d1b       0x34 build/main_blinky.o
 .debug_macro   0x0000000000001d4f       0x16 build/main_blinky.o
 .debug_macro   0x0000000000001d65       0x35 build/main_blinky.o
 .debug_macro   0x0000000000001d9a      0x341 build/main_blinky.o
 .debug_macro   0x00000000000020db       0x10 build/main_blinky.o
 .debug_macro   0x00000000000020eb       0x16 build/main_blinky.o
 .debug_macro   0x0000000000002101       0x43 build/main_blinky.o
 .debug_macro   0x0000000000002144       0x34 build/main_blinky.o
 .debug_macro   0x0000000000002178       0x10 build/main_blinky.o
 .debug_macro   0x0000000000002188       0x52 build/main_blinky.o
 .debug_macro   0x00000000000021da      0x182 build/main_blinky.o
 .debug_macro   0x000000000000235c       0x10 build/main_blinky.o
 .debug_macro   0x000000000000236c       0x1c build/main_blinky.o
 .debug_macro   0x0000000000002388       0x52 build/main_blinky.o
 .debug_macro   0x00000000000023da       0x22 build/main_blinky.o
 .debug_macro   0x00000000000023fc       0x10 build/main_blinky.o
 .debug_macro   0x000000000000240c       0x52 build/main_blinky.o
 .debug_macro   0x000000000000245e       0xd5 build/main_blinky.o
 .debug_macro   0x0000000000002533       0x1c build/main_blinky.o
 .debug_macro   0x000000000000254f       0x3d build/main_blinky.o
 .debug_macro   0x000000000000258c       0x16 build/main_blinky.o
 .debug_macro   0x00000000000025a2      0x16f build/main_blinky.o
 .debug_macro   0x0000000000002711      0x1a9 build/riscv-virt.o
 .debug_macro   0x00000000000028ba       0x10 build/riscv-virt.o
 .debug_macro   0x00000000000028ca       0xe5 build/ns16550.o
 .debug_macro   0x00000000000029af      0x1a7 build//home/adrian/sourcecode/FreeRTOSv202212.01/FreeRTOS/Source/list.o
 .debug_macro   0x0000000000002b56      0x23f build//home/adrian/sourcecode/FreeRTOSv202212.01/FreeRTOS/Source/queue.o
 .debug_macro   0x0000000000002d95       0x16 build//home/adrian/sourcecode/FreeRTOSv202212.01/FreeRTOS/Source/queue.o
 .debug_macro   0x0000000000002dab      0x28e build//home/adrian/sourcecode/FreeRTOSv202212.01/FreeRTOS/Source/tasks.o
 .debug_macro   0x0000000000003039       0x16 build//home/adrian/sourcecode/FreeRTOSv202212.01/FreeRTOS/Source/tasks.o
 .debug_macro   0x000000000000304f      0x1f6 build//home/adrian/sourcecode/FreeRTOSv202212.01/FreeRTOS/Source/timers.o
 .debug_macro   0x0000000000003245       0x97 build//home/adrian/sourcecode/FreeRTOSv202212.01/FreeRTOS/Source/timers.o
 .debug_macro   0x00000000000032dc      0x229 build//home/adrian/sourcecode/FreeRTOSv202212.01/FreeRTOS/Source/portable/MemMang/heap_4.o
 .debug_macro   0x0000000000003505      0x1c9 build//home/adrian/sourcecode/FreeRTOSv202212.01/FreeRTOS/Source/portable/GCC/RISC-V/port.o

.debug_line     0x0000000000000000    0x11c7a
 .debug_line    0x0000000000000000      0x57e build/main.o
 .debug_line    0x000000000000057e      0x78a build/main_blinky.o
 .debug_line    0x0000000000000d08      0x615 build/riscv-virt.o
 .debug_line    0x000000000000131d      0x38f build/ns16550.o
 .debug_line    0x00000000000016ac      0x876 build//home/adrian/sourcecode/FreeRTOSv202212.01/FreeRTOS/Source/list.o
 .debug_line    0x0000000000001f22     0x34cc build//home/adrian/sourcecode/FreeRTOSv202212.01/FreeRTOS/Source/queue.o
 .debug_line    0x00000000000053ee     0x53e1 build//home/adrian/sourcecode/FreeRTOSv202212.01/FreeRTOS/Source/tasks.o
 .debug_line    0x000000000000a7cf     0x187b build//home/adrian/sourcecode/FreeRTOSv202212.01/FreeRTOS/Source/timers.o
 .debug_line    0x000000000000c04a     0x10ba build//home/adrian/sourcecode/FreeRTOSv202212.01/FreeRTOS/Source/portable/MemMang/heap_4.o
 .debug_line    0x000000000000d104      0x66f build//home/adrian/sourcecode/FreeRTOSv202212.01/FreeRTOS/Source/portable/GCC/RISC-V/port.o
 .debug_line    0x000000000000d773       0xde build/start.o
 .debug_line    0x000000000000d851      0x370 build//home/adrian/sourcecode/FreeRTOSv202212.01/FreeRTOS/Source/portable/GCC/RISC-V/portASM.o
 .debug_line    0x000000000000dbc1       0xed /home/adrian/sourcecode/toolchain/riscv64-unknown-elf-toolchain-10.2.0-2020.12.8-x86_64-linux-ubuntu14/bin/../lib/gcc/riscv64-unknown-elf/10.2.0/rv64imafdc/lp64d/libgcc.a(_clzsi2.o)
 .debug_line    0x000000000000dcae       0x57 /home/adrian/sourcecode/toolchain/riscv64-unknown-elf-toolchain-10.2.0-2020.12.8-x86_64-linux-ubuntu14/bin/../lib/gcc/riscv64-unknown-elf/10.2.0/rv64imafdc/lp64d/libgcc.a(_clz.o)
 .debug_line    0x000000000000dd05      0x305 /home/adrian/sourcecode/toolchain/riscv64-unknown-elf-toolchain-10.2.0-2020.12.8-x86_64-linux-ubuntu14/bin/../lib/gcc/riscv64-unknown-elf/10.2.0/rv64imafdc/lp64d/libgcc.a(eqtf2.o)
 .debug_line    0x000000000000e00a      0x319 /home/adrian/sourcecode/toolchain/riscv64-unknown-elf-toolchain-10.2.0-2020.12.8-x86_64-linux-ubuntu14/bin/../lib/gcc/riscv64-unknown-elf/10.2.0/rv64imafdc/lp64d/libgcc.a(getf2.o)
 .debug_line    0x000000000000e323      0x319 /home/adrian/sourcecode/toolchain/riscv64-unknown-elf-toolchain-10.2.0-2020.12.8-x86_64-linux-ubuntu14/bin/../lib/gcc/riscv64-unknown-elf/10.2.0/rv64imafdc/lp64d/libgcc.a(letf2.o)
 .debug_line    0x000000000000e63c     0x11f8 /home/adrian/sourcecode/toolchain/riscv64-unknown-elf-toolchain-10.2.0-2020.12.8-x86_64-linux-ubuntu14/bin/../lib/gcc/riscv64-unknown-elf/10.2.0/rv64imafdc/lp64d/libgcc.a(multf3.o)
 .debug_line    0x000000000000f834     0x14b3 /home/adrian/sourcecode/toolchain/riscv64-unknown-elf-toolchain-10.2.0-2020.12.8-x86_64-linux-ubuntu14/bin/../lib/gcc/riscv64-unknown-elf/10.2.0/rv64imafdc/lp64d/libgcc.a(subtf3.o)
 .debug_line    0x0000000000010ce7      0x31d /home/adrian/sourcecode/toolchain/riscv64-unknown-elf-toolchain-10.2.0-2020.12.8-x86_64-linux-ubuntu14/bin/../lib/gcc/riscv64-unknown-elf/10.2.0/rv64imafdc/lp64d/libgcc.a(fixtfsi.o)
 .debug_line    0x0000000000011004      0x238 /home/adrian/sourcecode/toolchain/riscv64-unknown-elf-toolchain-10.2.0-2020.12.8-x86_64-linux-ubuntu14/bin/../lib/gcc/riscv64-unknown-elf/10.2.0/rv64imafdc/lp64d/libgcc.a(floatsitf.o)
 .debug_line    0x000000000001123c      0x395 /home/adrian/sourcecode/toolchain/riscv64-unknown-elf-toolchain-10.2.0-2020.12.8-x86_64-linux-ubuntu14/bin/../lib/gcc/riscv64-unknown-elf/10.2.0/rv64imafdc/lp64d/libgcc.a(extenddftf2.o)
 .debug_line    0x00000000000115d1      0x6a9 /home/adrian/sourcecode/toolchain/riscv64-unknown-elf-toolchain-10.2.0-2020.12.8-x86_64-linux-ubuntu14/bin/../lib/gcc/riscv64-unknown-elf/10.2.0/rv64imafdc/lp64d/libgcc.a(trunctfdf2.o)

.debug_str      0x0000000000000000    0x10b38
 .debug_str     0x0000000000000000     0x8825 build/main.o
                                       0x8a00 (size before relaxing)
 .debug_str     0x0000000000008825     0x4059 build/main_blinky.o
                                       0xc9b2 (size before relaxing)
 .debug_str     0x000000000000c87e       0x70 build/riscv-virt.o
                                       0x931a (size before relaxing)
 .debug_str     0x000000000000c8ee      0x11b build/ns16550.o
                                       0x3827 (size before relaxing)
 .debug_str     0x000000000000ca09      0x277 build//home/adrian/sourcecode/FreeRTOSv202212.01/FreeRTOS/Source/list.o
                                       0x9ffd (size before relaxing)
 .debug_str     0x000000000000cc80      0xbec build//home/adrian/sourcecode/FreeRTOSv202212.01/FreeRTOS/Source/queue.o
                                       0xc64f (size before relaxing)
 .debug_str     0x000000000000d86c     0x1b4f build//home/adrian/sourcecode/FreeRTOSv202212.01/FreeRTOS/Source/tasks.o
                                       0xd116 (size before relaxing)
 .debug_str     0x000000000000f3bb      0x5e9 build//home/adrian/sourcecode/FreeRTOSv202212.01/FreeRTOS/Source/timers.o
                                       0xc8db (size before relaxing)
 .debug_str     0x000000000000f9a4      0x5fb build//home/adrian/sourcecode/FreeRTOSv202212.01/FreeRTOS/Source/portable/MemMang/heap_4.o
                                       0xb7e4 (size before relaxing)
 .debug_str     0x000000000000ff9f      0x1bc build//home/adrian/sourcecode/FreeRTOSv202212.01/FreeRTOS/Source/portable/GCC/RISC-V/port.o
                                       0xb240 (size before relaxing)
 .debug_str     0x000000000001015b       0x14 build/start.o
                                         0x62 (size before relaxing)
 .debug_str     0x000000000001016f       0x59 build//home/adrian/sourcecode/FreeRTOSv202212.01/FreeRTOS/Source/portable/GCC/RISC-V/portASM.o
                                         0xb3 (size before relaxing)
 .debug_str     0x00000000000101c8      0x21d /home/adrian/sourcecode/toolchain/riscv64-unknown-elf-toolchain-10.2.0-2020.12.8-x86_64-linux-ubuntu14/bin/../lib/gcc/riscv64-unknown-elf/10.2.0/rv64imafdc/lp64d/libgcc.a(_clzsi2.o)
                                        0x2d8 (size before relaxing)
 .debug_str     0x00000000000103e5      0x2bb /home/adrian/sourcecode/toolchain/riscv64-unknown-elf-toolchain-10.2.0-2020.12.8-x86_64-linux-ubuntu14/bin/../lib/gcc/riscv64-unknown-elf/10.2.0/rv64imafdc/lp64d/libgcc.a(_clz.o)
 .debug_str     0x00000000000103e5       0xb4 /home/adrian/sourcecode/toolchain/riscv64-unknown-elf-toolchain-10.2.0-2020.12.8-x86_64-linux-ubuntu14/bin/../lib/gcc/riscv64-unknown-elf/10.2.0/rv64imafdc/lp64d/libgcc.a(eqtf2.o)
                                        0x2be (size before relaxing)
 .debug_str     0x0000000000010499       0x5c /home/adrian/sourcecode/toolchain/riscv64-unknown-elf-toolchain-10.2.0-2020.12.8-x86_64-linux-ubuntu14/bin/../lib/gcc/riscv64-unknown-elf/10.2.0/rv64imafdc/lp64d/libgcc.a(getf2.o)
                                        0x2e2 (size before relaxing)
 .debug_str     0x00000000000104f5       0x38 /home/adrian/sourcecode/toolchain/riscv64-unknown-elf-toolchain-10.2.0-2020.12.8-x86_64-linux-ubuntu14/bin/../lib/gcc/riscv64-unknown-elf/10.2.0/rv64imafdc/lp64d/libgcc.a(letf2.o)
                                        0x2e2 (size before relaxing)
 .debug_str     0x000000000001052d      0x347 /home/adrian/sourcecode/toolchain/riscv64-unknown-elf-toolchain-10.2.0-2020.12.8-x86_64-linux-ubuntu14/bin/../lib/gcc/riscv64-unknown-elf/10.2.0/rv64imafdc/lp64d/libgcc.a(multf3.o)
                                        0x5b7 (size before relaxing)
 .debug_str     0x0000000000010874      0x120 /home/adrian/sourcecode/toolchain/riscv64-unknown-elf-toolchain-10.2.0-2020.12.8-x86_64-linux-ubuntu14/bin/../lib/gcc/riscv64-unknown-elf/10.2.0/rv64imafdc/lp64d/libgcc.a(subtf3.o)
                                        0x3ad (size before relaxing)
 .debug_str     0x0000000000010994       0x4f /home/adrian/sourcecode/toolchain/riscv64-unknown-elf-toolchain-10.2.0-2020.12.8-x86_64-linux-ubuntu14/bin/../lib/gcc/riscv64-unknown-elf/10.2.0/rv64imafdc/lp64d/libgcc.a(fixtfsi.o)
                                        0x2bb (size before relaxing)
 .debug_str     0x00000000000109e3       0x6d /home/adrian/sourcecode/toolchain/riscv64-unknown-elf-toolchain-10.2.0-2020.12.8-x86_64-linux-ubuntu14/bin/../lib/gcc/riscv64-unknown-elf/10.2.0/rv64imafdc/lp64d/libgcc.a(floatsitf.o)
                                        0x35a (size before relaxing)
 .debug_str     0x0000000000010a50       0x7e /home/adrian/sourcecode/toolchain/riscv64-unknown-elf-toolchain-10.2.0-2020.12.8-x86_64-linux-ubuntu14/bin/../lib/gcc/riscv64-unknown-elf/10.2.0/rv64imafdc/lp64d/libgcc.a(extenddftf2.o)
                                        0x2e9 (size before relaxing)
 .debug_str     0x0000000000010ace       0x6a /home/adrian/sourcecode/toolchain/riscv64-unknown-elf-toolchain-10.2.0-2020.12.8-x86_64-linux-ubuntu14/bin/../lib/gcc/riscv64-unknown-elf/10.2.0/rv64imafdc/lp64d/libgcc.a(trunctfdf2.o)
                                        0x33e (size before relaxing)

.comment        0x0000000000000000       0x30
 .comment       0x0000000000000000       0x30 build/main.o
                                         0x31 (size before relaxing)
 .comment       0x0000000000000030       0x31 build/main_blinky.o
 .comment       0x0000000000000030       0x31 build/riscv-virt.o
 .comment       0x0000000000000030       0x31 build/ns16550.o
 .comment       0x0000000000000030       0x31 build//home/adrian/sourcecode/FreeRTOSv202212.01/FreeRTOS/Source/list.o
 .comment       0x0000000000000030       0x31 build//home/adrian/sourcecode/FreeRTOSv202212.01/FreeRTOS/Source/queue.o
 .comment       0x0000000000000030       0x31 build//home/adrian/sourcecode/FreeRTOSv202212.01/FreeRTOS/Source/tasks.o
 .comment       0x0000000000000030       0x31 build//home/adrian/sourcecode/FreeRTOSv202212.01/FreeRTOS/Source/timers.o
 .comment       0x0000000000000030       0x31 build//home/adrian/sourcecode/FreeRTOSv202212.01/FreeRTOS/Source/portable/MemMang/heap_4.o
 .comment       0x0000000000000030       0x31 build//home/adrian/sourcecode/FreeRTOSv202212.01/FreeRTOS/Source/portable/GCC/RISC-V/port.o